Component: ARM Compiler 5.06 update 4 (build 422) Tool: armlink [4d35d2]

==============================================================================

Section Cross References

    startup_stm32f407xx.o(RESET) refers to startup_stm32f407xx.o(STACK) for __initial_sp
    startup_stm32f407xx.o(RESET) refers to startup_stm32f407xx.o(.text) for Reset_Handler
    startup_stm32f407xx.o(RESET) refers to stm32f4xx_it.o(i.NMI_Handler) for NMI_Handler
    startup_stm32f407xx.o(RESET) refers to stm32f4xx_it.o(i.HardFault_Handler) for HardFault_Handler
    startup_stm32f407xx.o(RESET) refers to stm32f4xx_it.o(i.MemManage_Handler) for MemManage_Handler
    startup_stm32f407xx.o(RESET) refers to stm32f4xx_it.o(i.BusFault_Handler) for BusFault_Handler
    startup_stm32f407xx.o(RESET) refers to stm32f4xx_it.o(i.UsageFault_Handler) for UsageFault_Handler
    startup_stm32f407xx.o(RESET) refers to stm32f4xx_it.o(i.SVC_Handler) for SVC_Handler
    startup_stm32f407xx.o(RESET) refers to stm32f4xx_it.o(i.DebugMon_Handler) for DebugMon_Handler
    startup_stm32f407xx.o(RESET) refers to stm32f4xx_it.o(i.PendSV_Handler) for PendSV_Handler
    startup_stm32f407xx.o(RESET) refers to stm32f4xx_it.o(i.SysTick_Handler) for SysTick_Handler
    startup_stm32f407xx.o(RESET) refers to stm32f4xx_it.o(i.TIM1_BRK_TIM9_IRQHandler) for TIM1_BRK_TIM9_IRQHandler
    startup_stm32f407xx.o(RESET) refers to stm32f4xx_it.o(i.TIM1_UP_TIM10_IRQHandler) for TIM1_UP_TIM10_IRQHandler
    startup_stm32f407xx.o(RESET) refers to stm32f4xx_it.o(i.TIM1_TRG_COM_TIM11_IRQHandler) for TIM1_TRG_COM_TIM11_IRQHandler
    startup_stm32f407xx.o(RESET) refers to stm32f4xx_it.o(i.TIM1_CC_IRQHandler) for TIM1_CC_IRQHandler
    startup_stm32f407xx.o(RESET) refers to stm32f4xx_it.o(i.TIM2_IRQHandler) for TIM2_IRQHandler
    startup_stm32f407xx.o(RESET) refers to stm32f4xx_it.o(i.TIM3_IRQHandler) for TIM3_IRQHandler
    startup_stm32f407xx.o(RESET) refers to stm32f4xx_it.o(i.TIM4_IRQHandler) for TIM4_IRQHandler
    startup_stm32f407xx.o(RESET) refers to stm32f4xx_it.o(i.USART1_IRQHandler) for USART1_IRQHandler
    startup_stm32f407xx.o(RESET) refers to stm32f4xx_it.o(i.TIM6_DAC_IRQHandler) for TIM6_DAC_IRQHandler
    startup_stm32f407xx.o(RESET) refers to stm32f4xx_it.o(i.DMA2_Stream0_IRQHandler) for DMA2_Stream0_IRQHandler
    startup_stm32f407xx.o(RESET) refers to stm32f4xx_it.o(i.DMA2_Stream2_IRQHandler) for DMA2_Stream2_IRQHandler
    startup_stm32f407xx.o(RESET) refers to stm32f4xx_it.o(i.DMA2_Stream7_IRQHandler) for DMA2_Stream7_IRQHandler
    startup_stm32f407xx.o(.text) refers to system_stm32f4xx.o(i.SystemInit) for SystemInit
    startup_stm32f407xx.o(.text) refers to entry.o(.ARM.Collect$$$$00000000) for __main
    cleck.o(i.anti_cleck) refers to sinf.o(i.__hardfp_sinf) for __hardfp_sinf
    cleck.o(i.anti_cleck) refers to cosf.o(i.__hardfp_cosf) for __hardfp_cosf
    cleck.o(i.anti_cleck) refers to cleck.o(.data) for .data
    cleck.o(i.cleck) refers to sinf.o(i.__hardfp_sinf) for __hardfp_sinf
    cleck.o(i.cleck) refers to cosf.o(i.__hardfp_cosf) for __hardfp_cosf
    cleck.o(i.cleck) refers to sqrt_full.o(i.__hardfp_sqrt) for __hardfp_sqrt
    cleck.o(i.cleck) refers to f2d.o(.text) for __aeabi_f2d
    cleck.o(i.cleck) refers to ddiv.o(.text) for __aeabi_ddiv
    cleck.o(i.cleck) refers to d2f.o(.text) for __aeabi_d2f
    cleck.o(i.cleck) refers to cleck.o(.data) for .data
    svpwm.o(i.Sin_Start) refers to arm_sin_f32.o(.text) for arm_sin_f32
    svpwm.o(i.Sin_Start) refers to svpwm.o(.data) for .data
    svpwm.o(i.Sin_Start) refers to main.o(.data) for Sin_A
    svpwm.o(i.Sin_Start) refers to main.o(.data) for Sin_B
    svpwm.o(i.Sin_Start) refers to main.o(.data) for Sin_C
    svpwm.o(i.Svpwm) refers to svpwm.o(.data) for .data
    svpwm.o(i.Svpwm) refers to main.o(.data) for U_spwm
    svpwm.o(i.Svpwm) refers to main.o(.data) for W_spwm
    svpwm.o(i.Svpwm) refers to main.o(.data) for V_spwm
    ave_sam.o(i.Ave_Sam_i) refers to ave_sam.o(.data) for .data
    ave_sam.o(i.Ave_Sam_i) refers to ave_sam.o(.bss) for .bss
    ave_sam.o(i.Ave_Sam_u) refers to ave_sam.o(.data) for .data
    ave_sam.o(i.Ave_Sam_u) refers to ave_sam.o(.bss) for .bss
    ave_sam.o(i.Ave_Sam_w) refers to ave_sam.o(.data) for .data
    ave_sam.o(i.Ave_Sam_w) refers to ave_sam.o(.bss) for .bss
    ave_sam.o(i.sogi) refers to f2d.o(.text) for __aeabi_f2d
    ave_sam.o(i.sogi) refers to atan.o(i.__hardfp_atan) for __hardfp_atan
    ave_sam.o(i.sogi) refers to d2f.o(.text) for __aeabi_d2f
    ave_sam.o(i.sogi) refers to dadd.o(.text) for __aeabi_drsub
    ave_sam.o(i.sogi) refers to ave_sam.o(.data) for .data
    vofa.o(i.send_data_to_vofa2) refers to stm32f4xx_hal_uart.o(i.HAL_UART_Transmit_DMA) for HAL_UART_Transmit_DMA
    vofa.o(i.send_data_to_vofa2) refers to vofa.o(.data) for .data
    vofa.o(i.send_data_to_vofa2) refers to usart.o(.bss) for huart1
    vofa.o(i.send_data_to_vofa4) refers to stm32f4xx_hal_uart.o(i.HAL_UART_Transmit_DMA) for HAL_UART_Transmit_DMA
[...]
    Ave_Sam.c                                0x00000000   Number         0  ave_sam.o ABSOLUTE
    Ave_Sam.c                                0x00000000   Number         0  ave_sam.o ABSOLUTE
    Cleck.c                                  0x00000000   Number         0  cleck.o ABSOLUTE
    Cleck.c                                  0x00000000   Number         0  cleck.o ABSOLUTE
    PLL.c                                    0x00000000   Number         0  pll.o ABSOLUTE
    PLL.c                                    0x00000000   Number         0  pll.o ABSOLUTE
    SOGI_PLL.c                               0x00000000   Number         0  sogi_pll.o ABSOLUTE
    SOGI_PLL.c                               0x00000000   Number         0  sogi_pll.o ABSOLUTE
    SPWM_pid.c                               0x00000000   Number         0  spwm_pid.o ABSOLUTE
    SPWM_pid.c                               0x00000000   Number         0  spwm_pid.o ABSOLUTE
    Smping.c                                 0x00000000   Number         0  smping.o ABSOLUTE
    Smping.c                                 0x00000000   Number         0  smping.o ABSOLUTE
    Svpwm.c                                  0x00000000   Number         0  svpwm.o ABSOLUTE
    Svpwm.c                                  0x00000000   Number         0  svpwm.o ABSOLUTE
    cdcmple.s                                0x00000000   Number         0  cdcmple.o ABSOLUTE
    dc.s                                     0x00000000   Number         0  dc.o ABSOLUTE
    handlers.s                               0x00000000   Number         0  handlers.o ABSOLUTE
    init.s                                   0x00000000   Number         0  init.o ABSOLUTE
    key.c                                    0x00000000   Number         0  key.o ABSOLUTE
    key.c                                    0x00000000   Number         0  key.o ABSOLUTE
    oled.c                                   0x00000000   Number         0  oled.o ABSOLUTE
    oled.c                                   0x00000000   Number         0  oled.o ABSOLUTE
    startup_stm32f407xx.s                    0x00000000   Number         0  startup_stm32f407xx.o ABSOLUTE
    vofa.c                                   0x00000000   Number         0  vofa.o ABSOLUTE
    vofa.c                                   0x00000000   Number         0  vofa.o ABSOLUTE
    RESET                                    0x08000000   Section      392  startup_stm32f407xx.o(RESET)
    .ARM.Collect$$$$00000000                 0x08000188   Section        0  entry.o(.ARM.Collect$$$$00000000)
    .ARM.Collect$$$$00000001                 0x08000188   Section        4  entry2.o(.ARM.Collect$$$$00000001)
    .ARM.Collect$$$$00000004                 0x0800018c   Section        4  entry5.o(.ARM.Collect$$$$00000004)
    .ARM.Collect$$$$00000008                 0x08000190   Section        0  entry7b.o(.ARM.Collect$$$$00000008)
    .ARM.Collect$$$$0000000A                 0x08000190   Section        0  entry8b.o(.ARM.Collect$$$$0000000A)
    .ARM.Collect$$$$0000000B                 0x08000190   Section        8  entry9a.o(.ARM.Collect$$$$0000000B)
    .ARM.Collect$$$$0000000D                 0x08000198   Section        0  entry10a.o(.ARM.Collect$$$$0000000D)
    .ARM.Collect$$$$0000000F                 0x08000198   Section        0  entry11a.o(.ARM.Collect$$$$0000000F)
    .ARM.Collect$$$$00002712                 0x08000198   Section        4  entry2.o(.ARM.Collect$$$$00002712)
    __lit__00000000                          0x08000198   Data           4  entry2.o(.ARM.Collect$$$$00002712)
    .text                                    0x0800019c   Section       36  startup_stm32f407xx.o(.text)
    $v0                                      0x0800019c   Number         0  startup_stm32f407xx.o(.text)
    .text                                    0x080001c0   Section        0  arm_cos_f32.o(.text)
    .text                                    0x08000238   Section        0  arm_sin_f32.o(.text)
    .text                                    0x080002cc   Section        0  uldiv.o(.text)
    .text                                    0x0800032e   Section        0  memseta.o(.text)
    .text                                    0x08000352   Section        0  dadd.o(.text)
    .text                                    0x080004a0   Section        0  dmul.o(.text)
    .text                                    0x08000584   Section        0  f2d.o(.text)
    .text                                    0x080005aa   Section        0  d2f.o(.text)
    .text                                    0x080005e2   Section        0  llshl.o(.text)
    .text                                    0x08000600   Section        0  llushr.o(.text)
    .text                                    0x08000620   Section        0  llsshr.o(.text)
    .text                                    0x08000644   Section        0  fepilogue.o(.text)
    .text                                    0x08000644   Section        0  iusefp.o(.text)
    .text                                    0x080006b2   Section        0  depilogue.o(.text)
    .text                                    0x0800076c   Section        0  dsqrt.o(.text)
    .text                                    0x08000810   Section       36  init.o(.text)
    .text                                    0x08000834   Section        0  __dczerorl2.o(.text)
    i.ADC_DMAConvCplt                        0x0800088a   Section        0  stm32f4xx_hal_adc.o(i.ADC_DMAConvCplt)
    ADC_DMAConvCplt                          0x0800088b   Thumb Code   110  stm32f4xx_hal_adc.o(i.ADC_DMAConvCplt)
    i.ADC_DMAError                           0x080008f8   Section        0  stm32f4xx_hal_adc.o(i.ADC_DMAError)
    ADC_DMAError                             0x080008f9   Thumb Code    22  stm32f4xx_hal_adc.o(i.ADC_DMAError)
    i.ADC_DMAHalfConvCplt                    0x0800090e   Section        0  stm32f4xx_hal_adc.o(i.ADC_DMAHalfConvCplt)
    ADC_DMAHalfConvCplt                      0x0800090f   Thumb Code    10  stm32f4xx_hal_adc.o(i.ADC_DMAHalfConvCplt)
    i.ADC_Init                               0x08000918   Section        0  stm32f4xx_hal_adc.o(i.ADC_Init)
    ADC_Init                                 0x08000919   Thumb Code   284  stm32f4xx_hal_adc.o(i.ADC_Init)
    i.Ave_Sam_i                              0x08000a40   Section        0  ave_sam.o(i.Ave_Sam_i)
    i.Ave_Sam_u                              0x08000ae4   Section        0  ave_sam.o(i.Ave_Sam_u)
    i.Ave_Sam_w                              0x08000b88   Section        0  ave_sam.o(i.Ave_Sam_w)
    i.BTF                                    0x08000c2c   Section        0  sogi_pll.o(i.BTF)
    BTF                                      0x08000c2d   Thumb Code    82  sogi_pll.o(i.BTF)
    i.BusFault_Handler                       0x08000c7e   Section        0  stm32f4xx_it.o(i.BusFault_Handler)
    i.DMA2_Stream0_IRQHandler                0x08000c80   Section        0  stm32f4xx_it.o(i.DMA2_Stream0_IRQHandler)
    i.DMA2_Stream2_IRQHandler                0x08000c8c   Section        0  stm32f4xx_it.o(i.DMA2_Stream2_IRQHandler)
    i.DMA2_Stream7_IRQHandler                0x08000c98   Section        0  stm32f4xx_it.o(i.DMA2_Stream7_IRQHandler)
    i.DMA_CalcBaseAndBitshift                0x08000ca4   Section        0  stm32f4xx_hal_dma.o(i.DMA_CalcBaseAndBitshift)
    DMA_CalcBaseAndBitshift                  0x08000ca5   Thumb Code    34  stm32f4xx_hal_dma.o(i.DMA_CalcBaseAndBitshift)
    i.DMA_CheckFifoParam                     0x08000ccc   Section        0  stm32f4xx_hal_dma.o(i.DMA_CheckFifoParam)
    DMA_CheckFifoParam                       0x08000ccd   Thumb Code    84  stm32f4xx_hal_dma.o(i.DMA_CheckFifoParam)
    i.DMA_SetConfig                          0x08000d20   Section        0  stm32f4xx_hal_dma.o(i.DMA_SetConfig)
    DMA_SetConfig                            0x08000d21   Thumb Code    40  stm32f4xx_hal_dma.o(i.DMA_SetConfig)
    i.DebugMon_Handler                       0x08000d48   Section        0  stm32f4xx_it.o(i.DebugMon_Handler)
    i.Delay_ms                               0x08000d4a   Section        0  key.o(i.Delay_ms)
    i.Delay_us                               0x08000d60   Section        0  key.o(i.Delay_us)
    i.Error_Handler                          0x08000d80   Section        0  main.o(i.Error_Handler)
    i.Get_ADC                                0x08000d84   Section        0  smping.o(i.Get_ADC)
    i.HAL_ADC_ConfigChannel                  0x08000e40   Section        0  stm32f4xx_hal_adc.o(i.HAL_ADC_ConfigChannel)
    i.HAL_ADC_ConvCpltCallback               0x08000f8c   Section        0  stm32f4xx_hal_adc.o(i.HAL_ADC_ConvCpltCallback)
    i.HAL_ADC_ConvHalfCpltCallback           0x08000f8e   Section        0  stm32f4xx_hal_adc.o(i.HAL_ADC_ConvHalfCpltCallback)
    i.HAL_ADC_ErrorCallback                  0x08000f90   Section        0  stm32f4xx_hal_adc.o(i.HAL_ADC_ErrorCallback)
    i.HAL_ADC_Init                           0x08000f92   Section        0  stm32f4xx_hal_adc.o(i.HAL_ADC_Init)
    i.HAL_ADC_MspInit                        0x08000fe8   Section        0  adc.o(i.HAL_ADC_MspInit)
    i.HAL_ADC_Start_DMA                      0x08001084   Section        0  stm32f4xx_hal_adc.o(i.HAL_ADC_Start_DMA)
    i.HAL_DACEx_DMAUnderrunCallbackCh2       0x080011d8   Section        0  stm32f4xx_hal_dac_ex.o(i.HAL_DACEx_DMAUnderrunCallbackCh2)
    i.HAL_DAC_ConfigChannel                  0x080011da   Section        0  stm32f4xx_hal_dac.o(i.HAL_DAC_ConfigChannel)
    i.HAL_DAC_DMAUnderrunCallbackCh1         0x08001220   Section        0  stm32f4xx_hal_dac.o(i.HAL_DAC_DMAUnderrunCallbackCh1)
    i.HAL_DAC_IRQHandler                     0x08001222   Section        0  stm32f4xx_hal_dac.o(i.HAL_DAC_IRQHandler)
    i.HAL_DAC_Init                           0x0800128a   Section        0  stm32f4xx_hal_dac.o(i.HAL_DAC_Init)
    i.HAL_DAC_MspInit                        0x080012b4   Section        0  dac.o(i.HAL_DAC_MspInit)
    i.HAL_DAC_Start                          0x08001324   Section        0  stm32f4xx_hal_dac.o(i.HAL_DAC_Start)
    i.HAL_DMA_Abort                          0x08001380   Section        0  stm32f4xx_hal_dma.o(i.HAL_DMA_Abort)
    i.HAL_DMA_Abort_IT                       0x08001412   Section        0  stm32f4xx_hal_dma.o(i.HAL_DMA_Abort_IT)
    i.HAL_DMA_IRQHandler                     0x08001438   Section        0  stm32f4xx_hal_dma.o(i.HAL_DMA_IRQHandler)
    i.HAL_DMA_Init                           0x080015d8   Section        0  stm32f4xx_hal_dma.o(i.HAL_DMA_Init)
    i.HAL_DMA_Start_IT                       0x080016ac   Section        0  stm32f4xx_hal_dma.o(i.HAL_DMA_Start_IT)
    i.HAL_Delay                              0x0800171c   Section        0  stm32f4xx_hal.o(i.HAL_Delay)
    i.HAL_GPIO_Init                          0x08001740   Section        0  stm32f4xx_hal_gpio.o(i.HAL_GPIO_Init)
    i.HAL_GPIO_ReadPin                       0x08001930   Section        0  stm32f4xx_hal_gpio.o(i.HAL_GPIO_ReadPin)
    i.HAL_GPIO_WritePin                      0x0800193a   Section        0  stm32f4xx_hal_gpio.o(i.HAL_GPIO_WritePin)
    i.HAL_GetTick                            0x08001944   Section        0  stm32f4xx_hal.o(i.HAL_GetTick)
    i.HAL_I2C_Init                           0x08001950   Section        0  stm32f4xx_hal_i2c.o(i.HAL_I2C_Init)
    i.HAL_I2C_Mem_Write                      0x08001ad8   Section        0  stm32f4xx_hal_i2c.o(i.HAL_I2C_Mem_Write)
    i.HAL_I2C_MspInit                        0x08001c08   Section        0  i2c.o(i.HAL_I2C_MspInit)
    i.HAL_IncTick                            0x08001c70   Section        0  stm32f4xx_hal.o(i.HAL_IncTick)
    i.HAL_Init                               0x08001c80   Section        0  stm32f4xx_hal.o(i.HAL_Init)
    i.HAL_InitTick                           0x08001cb4   Section        0  stm32f4xx_hal.o(i.HAL_InitTick)
    i.HAL_MspInit                            0x08001cf4   Section        0  stm32f4xx_hal_msp.o(i.HAL_MspInit)
    i.HAL_NVIC_EnableIRQ                     0x08001d24   Section        0  stm32f4xx_hal_cortex.o(i.HAL_NVIC_EnableIRQ)
    i.HAL_NVIC_SetPriority                   0x08001d40   Section        0  stm32f4xx_hal_cortex.o(i.HAL_NVIC_SetPriority)
    i.HAL_NVIC_SetPriorityGrouping           0x08001d80   Section        0  stm32f4xx_hal_cortex.o(i.HAL_NVIC_SetPriorityGrouping)
    i.HAL_RCC_ClockConfig                    0x08001da4   Section        0  stm32f4xx_hal_rcc.o(i.HAL_RCC_ClockConfig)
    i.HAL_RCC_GetPCLK1Freq                   0x08001ed8   Section        0  stm32f4xx_hal_rcc.o(i.HAL_RCC_GetPCLK1Freq)
    i.HAL_RCC_GetPCLK2Freq                   0x08001ef8   Section        0  stm32f4xx_hal_rcc.o(i.HAL_RCC_GetPCLK2Freq)
    i.HAL_RCC_GetSysClockFreq                0x08001f18   Section        0  stm32f4xx_hal_rcc.o(i.HAL_RCC_GetSysClockFreq)
    i.HAL_RCC_OscConfig                      0x08001f78   Section        0  stm32f4xx_hal_rcc.o(i.HAL_RCC_OscConfig)
    i.HAL_SYSTICK_Config                     0x080022e4   Section        0  stm32f4xx_hal_cortex.o(i.HAL_SYSTICK_Config)
    i.HAL_TIMEx_BreakCallback                0x0800230c   Section        0  stm32f4xx_hal_tim_ex.o(i.HAL_TIMEx_BreakCallback)
    i.HAL_TIMEx_CommutCallback               0x0800230e   Section        0  stm32f4xx_hal_tim_ex.o(i.HAL_TIMEx_CommutCallback)
    i.HAL_TIMEx_ConfigBreakDeadTime          0x08002310   Section        0  stm32f4xx_hal_tim_ex.o(i.HAL_TIMEx_ConfigBreakDeadTime)
    i.HAL_TIMEx_MasterConfigSynchronization  0x08002364   Section        0  stm32f4xx_hal_tim_ex.o(i.HAL_TIMEx_MasterConfigSynchronization)
    i.HAL_TIM_Base_Init                      0x080023f4   Section        0  stm32f4xx_hal_tim.o(i.HAL_TIM_Base_Init)
    i.HAL_TIM_Base_MspInit                   0x08002450   Section        0  tim.o(i.HAL_TIM_Base_MspInit)
    i.HAL_TIM_Base_Start_IT                  0x0800255c   Section        0  stm32f4xx_hal_tim.o(i.HAL_TIM_Base_Start_IT)
    i.HAL_TIM_ConfigClockSource              0x080025dc   Section        0  stm32f4xx_hal_tim.o(i.HAL_TIM_ConfigClockSource)
    i.HAL_TIM_IC_CaptureCallback             0x080026b8   Section        0  stm32f4xx_hal_tim.o(i.HAL_TIM_IC_CaptureCallback)
    i.HAL_TIM_IRQHandler                     0x080026ba   Section        0  stm32f4xx_hal_tim.o(i.HAL_TIM_IRQHandler)
    i.HAL_TIM_MspPostInit                    0x08002820   Section        0  tim.o(i.HAL_TIM_MspPostInit)
    i.HAL_TIM_OC_DelayElapsedCallback        0x08002874   Section        0  stm32f4xx_hal_tim.o(i.HAL_TIM_OC_DelayElapsedCallback)
    i.HAL_TIM_PWM_ConfigChannel              0x08002876   Section        0  stm32f4xx_hal_tim.o(i.HAL_TIM_PWM_ConfigChannel)
    i.HAL_TIM_PWM_Init                       0x08002942   Section        0  stm32f4xx_hal_tim.o(i.HAL_TIM_PWM_Init)
    i.HAL_TIM_PWM_MspInit                    0x0800299c   Section        0  stm32f4xx_hal_tim.o(i.HAL_TIM_PWM_MspInit)
    i.HAL_TIM_PWM_PulseFinishedCallback      0x0800299e   Section        0  stm32f4xx_hal_tim.o(i.HAL_TIM_PWM_PulseFinishedCallback)
    i.HAL_TIM_PWM_Start                      0x080029a0   Section        0  stm32f4xx_hal_tim.o(i.HAL_TIM_PWM_Start)
    i.HAL_TIM_PeriodElapsedCallback          0x08002a68   Section        0  main.o(i.HAL_TIM_PeriodElapsedCallback)
    i.HAL_TIM_TriggerCallback                0x08002e4c   Section        0  stm32f4xx_hal_tim.o(i.HAL_TIM_TriggerCallback)
    i.HAL_UARTEx_RxEventCallback             0x08002e4e   Section        0  stm32f4xx_hal_uart.o(i.HAL_UARTEx_RxEventCallback)
    i.HAL_UART_ErrorCallback                 0x08002e50   Section        0  stm32f4xx_hal_uart.o(i.HAL_UART_ErrorCallback)
    i.HAL_UART_IRQHandler                    0x08002e54   Section        0  stm32f4xx_hal_uart.o(i.HAL_UART_IRQHandler)
    i.HAL_UART_Init                          0x080030bc   Section        0  stm32f4xx_hal_uart.o(i.HAL_UART_Init)
    i.HAL_UART_MspInit                       0x08003120   Section        0  usart.o(i.HAL_UART_MspInit)
    i.HAL_UART_RxCpltCallback                0x08003208   Section        0  stm32f4xx_hal_uart.o(i.HAL_UART_RxCpltCallback)
    i.HAL_UART_TxCpltCallback                0x0800320a   Section        0  stm32f4xx_hal_uart.o(i.HAL_UART_TxCpltCallback)
    i.HardFault_Handler                      0x0800320c   Section        0  stm32f4xx_it.o(i.HardFault_Handler)
    i.I2C_IsAcknowledgeFailed                0x0800320e   Section        0  stm32f4xx_hal_i2c.o(i.I2C_IsAcknowledgeFailed)
    I2C_IsAcknowledgeFailed                  0x0800320f   Thumb Code    46  stm32f4xx_hal_i2c.o(i.I2C_IsAcknowledgeFailed)
    i.I2C_RequestMemoryWrite                 0x0800323c   Section        0  stm32f4xx_hal_i2c.o(i.I2C_RequestMemoryWrite)
    I2C_RequestMemoryWrite                   0x0800323d   Thumb Code   162  stm32f4xx_hal_i2c.o(i.I2C_RequestMemoryWrite)
    i.I2C_WaitOnBTFFlagUntilTimeout          0x080032e4   Section        0  stm32f4xx_hal_i2c.o(i.I2C_WaitOnBTFFlagUntilTimeout)
    I2C_WaitOnBTFFlagUntilTimeout            0x080032e5   Thumb Code    76  stm32f4xx_hal_i2c.o(i.I2C_WaitOnBTFFlagUntilTimeout)
    i.I2C_WaitOnFlagUntilTimeout             0x08003330   Section        0  stm32f4xx_hal_i2c.o(i.I2C_WaitOnFlagUntilTimeout)
    I2C_WaitOnFlagUntilTimeout               0x08003331   Thumb Code   104  stm32f4xx_hal_i2c.o(i.I2C_WaitOnFlagUntilTimeout)
    i.I2C_WaitOnMasterAddressFlagUntilTimeout 0x08003398   Section        0  stm32f4xx_hal_i2c.o(i.I2C_WaitOnMasterAddressFlagUntilTimeout)
    I2C_WaitOnMasterAddressFlagUntilTimeout  0x08003399   Thumb Code   150  stm32f4xx_hal_i2c.o(i.I2C_WaitOnMasterAddressFlagUntilTimeout)
    i.I2C_WaitOnTXEFlagUntilTimeout          0x0800342e   Section        0  stm32f4xx_hal_i2c.o(i.I2C_WaitOnTXEFlagUntilTimeout)
    I2C_WaitOnTXEFlagUntilTimeout            0x0800342f   Thumb Code    76  stm32f4xx_hal_i2c.o(i.I2C_WaitOnTXEFlagUntilTimeout)
    i.KEY_Scan                               0x0800347c   Section        0  key.o(i.KEY_Scan)
    i.KEY_Scan1                              0x08003518   Section        0  key.o(i.KEY_Scan1)
    i.MX_ADC1_Init                           0x080035e8   Section        0  adc.o(i.MX_ADC1_Init)
    i.MX_DAC_Init                            0x0800369c   Section        0  dac.o(i.MX_DAC_Init)
    i.MX_DMA_Init                            0x080036d8   Section        0  dma.o(i.MX_DMA_Init)
    i.MX_GPIO_Init                           0x08003724   Section        0  gpio.o(i.MX_GPIO_Init)
    i.MX_I2C1_Init                           0x080037dc   Section        0  i2c.o(i.MX_I2C1_Init)
    i.MX_TIM1_Init                           0x0800381c   Section        0  tim.o(i.MX_TIM1_Init)
    i.MX_TIM2_Init                           0x0800390c   Section        0  tim.o(i.MX_TIM2_Init)
    i.MX_TIM3_Init                           0x08003970   Section        0  tim.o(i.MX_TIM3_Init)
    i.MX_TIM4_Init                           0x080039d8   Section        0  tim.o(i.MX_TIM4_Init)
    i.MX_TIM6_Init                           0x08003a40   Section        0  tim.o(i.MX_TIM6_Init)
    i.MX_USART1_UART_Init                    0x08003a84   Section        0  usart.o(i.MX_USART1_UART_Init)
    i.MemManage_Handler                      0x08003abc   Section        0  stm32f4xx_it.o(i.MemManage_Handler)
    i.NMI_Handler                            0x08003abe   Section        0  stm32f4xx_it.o(i.NMI_Handler)
    i.OLEDShowData                           0x08003ac0   Section        0  oled.o(i.OLEDShowData)
    i.OLED_CLS                               0x08003b3c   Section        0  oled.o(i.OLED_CLS)
    i.OLED_Fill                              0x08003b50   Section        0  oled.o(i.OLED_Fill)
    i.OLED_Init                              0x08003b88   Section        0  oled.o(i.OLED_Init)
    i.OLED_ON                                0x08003c42   Section        0  oled.o(i.OLED_ON)
    i.OLED_SetPos                            0x08003c5a   Section        0  oled.o(i.OLED_SetPos)
    i.OLED_ShowStr                           0x08003c80   Section        0  oled.o(i.OLED_ShowStr)
    i.PID_init                               0x08003d58   Section        0  spwm_pid.o(i.PID_init)
    i.PIDcon                                 0x08003d8c   Section        0  sogi_pll.o(i.PIDcon)
    i.PLL_Init                               0x08003e00   Section        0  pll.o(i.PLL_Init)
    i.PendSV_Handler                         0x08003e7c   Section        0  stm32f4xx_it.o(i.PendSV_Handler)
    i.SOGI_FIL                               0x08003e80   Section        0  sogi_pll.o(i.SOGI_FIL)
    i.SVC_Handler                            0x08003f4c   Section        0  stm32f4xx_it.o(i.SVC_Handler)
    i.Sin_Start                              0x08003f50   Section        0  svpwm.o(i.Sin_Start)
    i.Sogi_pll                               0x0800403c   Section        0  sogi_pll.o(i.Sogi_pll)
    i.Spwm_pid                               0x08004164   Section        0  spwm_pid.o(i.Spwm_pid)
    i.SysTick_Handler                        0x080041c2   Section        0  stm32f4xx_it.o(i.SysTick_Handler)
    i.SystemClock_Config                     0x080041c8   Section        0  main.o(i.SystemClock_Config)
    i.SystemInit                             0x0800425c   Section        0  system_stm32f4xx.o(i.SystemInit)
    i.TIM1_BRK_TIM9_IRQHandler               0x0800426c   Section        0  stm32f4xx_it.o(i.TIM1_BRK_TIM9_IRQHandler)
    i.TIM1_CC_IRQHandler                     0x08004278   Section        0  stm32f4xx_it.o(i.TIM1_CC_IRQHandler)
    i.TIM1_TRG_COM_TIM11_IRQHandler          0x08004284   Section        0  stm32f4xx_it.o(i.TIM1_TRG_COM_TIM11_IRQHandler)
    i.TIM1_UP_TIM10_IRQHandler               0x08004290   Section        0  stm32f4xx_it.o(i.TIM1_UP_TIM10_IRQHandler)
    i.TIM2_IRQHandler                        0x0800429c   Section        0  stm32f4xx_it.o(i.TIM2_IRQHandler)
    i.TIM3_IRQHandler                        0x080042a8   Section        0  stm32f4xx_it.o(i.TIM3_IRQHandler)
    i.TIM4_IRQHandler                        0x080042b4   Section        0  stm32f4xx_it.o(i.TIM4_IRQHandler)
    i.TIM6_DAC_IRQHandler                    0x080042c0   Section        0  stm32f4xx_it.o(i.TIM6_DAC_IRQHandler)
    i.TIM_Base_SetConfig                     0x080042dc   Section        0  stm32f4xx_hal_tim.o(i.TIM_Base_SetConfig)
    i.TIM_CCxChannelCmd                      0x080043a4   Section        0  stm32f4xx_hal_tim.o(i.TIM_CCxChannelCmd)
    i.TIM_ETR_SetConfig                      0x080043be   Section        0  stm32f4xx_hal_tim.o(i.TIM_ETR_SetConfig)
    i.TIM_ITRx_SetConfig                     0x080043d2   Section        0  stm32f4xx_hal_tim.o(i.TIM_ITRx_SetConfig)
    TIM_ITRx_SetConfig                       0x080043d3   Thumb Code    16  stm32f4xx_hal_tim.o(i.TIM_ITRx_SetConfig)
    i.TIM_OC1_SetConfig                      0x080043e4   Section        0  stm32f4xx_hal_tim.o(i.TIM_OC1_SetConfig)
    TIM_OC1_SetConfig                        0x080043e5   Thumb Code    88  stm32f4xx_hal_tim.o(i.TIM_OC1_SetConfig)
    i.TIM_OC2_SetConfig                      0x08004444   Section        0  stm32f4xx_hal_tim.o(i.TIM_OC2_SetConfig)
    i.TIM_OC3_SetConfig                      0x080044b0   Section        0  stm32f4xx_hal_tim.o(i.TIM_OC3_SetConfig)
    TIM_OC3_SetConfig                        0x080044b1   Thumb Code    96  stm32f4xx_hal_tim.o(i.TIM_OC3_SetConfig)
    i.TIM_OC4_SetConfig                      0x08004518   Section        0  stm32f4xx_hal_tim.o(i.TIM_OC4_SetConfig)
    TIM_OC4_SetConfig                        0x08004519   Thumb Code    70  stm32f4xx_hal_tim.o(i.TIM_OC4_SetConfig)
    i.TIM_TI1_ConfigInputStage               0x08004568   Section        0  stm32f4xx_hal_tim.o(i.TIM_TI1_ConfigInputStage)
    TIM_TI1_ConfigInputStage                 0x08004569   Thumb Code    34  stm32f4xx_hal_tim.o(i.TIM_TI1_ConfigInputStage)
    i.TIM_TI2_ConfigInputStage               0x0800458a   Section        0  stm32f4xx_hal_tim.o(i.TIM_TI2_ConfigInputStage)
    TIM_TI2_ConfigInputStage                 0x0800458b   Thumb Code    36  stm32f4xx_hal_tim.o(i.TIM_TI2_ConfigInputStage)
    i.UART_DMAAbortOnError                   0x080045ae   Section        0  stm32f4xx_hal_uart.o(i.UART_DMAAbortOnError)
    UART_DMAAbortOnError                     0x080045af   Thumb Code    16  stm32f4xx_hal_uart.o(i.UART_DMAAbortOnError)
    i.UART_EndRxTransfer                     0x080045be   Section        0  stm32f4xx_hal_uart.o(i.UART_EndRxTransfer)
    UART_EndRxTransfer                       0x080045bf   Thumb Code    78  stm32f4xx_hal_uart.o(i.UART_EndRxTransfer)
    i.UART_Receive_IT                        0x0800460c   Section        0  stm32f4xx_hal_uart.o(i.UART_Receive_IT)
    UART_Receive_IT                          0x0800460d   Thumb Code   192  stm32f4xx_hal_uart.o(i.UART_Receive_IT)
    i.UART_SetConfig                         0x080046cc   Section        0  stm32f4xx_hal_uart.o(i.UART_SetConfig)
    UART_SetConfig                           0x080046cd   Thumb Code   258  stm32f4xx_hal_uart.o(i.UART_SetConfig)
    i.USART1_IRQHandler                      0x080047d8   Section        0  stm32f4xx_it.o(i.USART1_IRQHandler)
    i.UsageFault_Handler                     0x080047e4   Section        0  stm32f4xx_it.o(i.UsageFault_Handler)
    i.WriteCmd                               0x080047e8   Section        0  oled.o(i.WriteCmd)
    i.WriteDat                               0x0800480c   Section        0  oled.o(i.WriteDat)
    i.__NVIC_SetPriority                     0x08004830   Section        0  stm32f4xx_hal_cortex.o(i.__NVIC_SetPriority)
    __NVIC_SetPriority                       0x08004831   Thumb Code    32  stm32f4xx_hal_cortex.o(i.__NVIC_SetPriority)
    i.__hardfp_sqrt                          0x08004850   Section        0  sqrt_full.o(i.__hardfp_sqrt)
    i.__scatterload_copy                     0x080048ca   Section       14  handlers.o(i.__scatterload_copy)
    i.__scatterload_null                     0x080048d8   Section        2  handlers.o(i.__scatterload_null)
    i.__scatterload_zeroinit                 0x080048da   Section       14  handlers.o(i.__scatterload_zeroinit)
    i.__set_errno                            0x080048e8   Section        0  errno.o(i.__set_errno)
    i.integ                                  0x080048f4   Section        0  sogi_pll.o(i.integ)
    integ                                    0x080048f5   Thumb Code    90  sogi_pll.o(i.integ)
    i.main                                   0x08004958   Section        0  main.o(i.main)
    .constdata                               0x08004c60   Section     2072  oled.o(.constdata)
    .constdata                               0x08005478   Section        8  stm32f4xx_hal_dma.o(.constdata)
    flagBitshiftOffset                       0x08005478   Data           8  stm32f4xx_hal_dma.o(.constdata)
    .constdata                               0x08005480   Section       16  system_stm32f4xx.o(.constdata)
    .constdata                               0x08005490   Section        8  system_stm32f4xx.o(.constdata)
    .constdata                               0x08005498   Section     2052  arm_common_tables.o(.constdata)
    .data                                    0x20000000   Section       24  svpwm.o(.data)
    .data                                    0x20000018   Section       68  ave_sam.o(.data)
    .data                                    0x2000005c   Section       16  smping.o(.data)
    time_count                               0x2000005c   Data           2  smping.o(.data)
    sum                                      0x20000060   Data           4  smping.o(.data)
    .data                                    0x2000006c   Section       12  key.o(.data)
    key_up                                   0x2000006c   Data           1  key.o(.data)
    key_up                                   0x2000006d   Data           1  key.o(.data)
    .data                                    0x20000078   Section       80  main.o(.data)
    .data                                    0x200000c8   Section        4  main.o(.data)
    .data                                    0x200000cc   Section        4  main.o(.data)
    .data                                    0x200000d0   Section       12  stm32f4xx_hal.o(.data)
    .data                                    0x200000dc   Section        4  system_stm32f4xx.o(.data)
    .data                                    0x200000e0   Section      208  sogi_pll.o(.data)
    .data                                    0x200001b0   Section        4  errno.o(.data)
    _errno                                   0x200001b0   Data           4  errno.o(.data)
    .bss                                     0x200001b4   Section     2400  ave_sam.o(.bss)
    Ave_w                                    0x200007f4   Data         800  ave_sam.o(.bss)
    .bss                                     0x20000b14   Section       10  smping.o(.bss)
    .bss                                     0x20000b20   Section      240  main.o(.bss)
    .bss                                     0x20000c10   Section      168  adc.o(.bss)
    .bss                                     0x20000cb8   Section       20  dac.o(.bss)
    .bss                                     0x20000ccc   Section       84  i2c.o(.bss)
    .bss                                     0x20000d20   Section      360  tim.o(.bss)
    .bss                                     0x20000e88   Section      260  usart.o(.bss)
    .bss                                     0x20000f8c   Section       40  pll.o(.bss)
    .bss                                     0x20000fb4   Section       68  sogi_pll.o(.bss)
    STACK                                    0x20000ff8   Section     1024  startup_stm32f407xx.o(STACK)

    Global Symbols

    Symbol Name                              Value     Ov Type        Size  Object(Section)

    BuildAttributes$$THM_ISAv4$E$P$D$K$B$S$7EM$VFPi3$EXTD16$VFPS$VFMA$PE$A:L22UL41UL21$X:L11$S22US41US21$IEEE1$IW$USESV6$~STKCKD$USESV7$~SHL$OTIME$ROPI$IEEEX$EBA8$MICROLIB$REQ8$PRES8$EABIv2 0x00000000   Number         0  anon$$obj.o ABSOLUTE
    __ARM_use_no_argv                        0x00000000   Number         0  main.o ABSOLUTE
    __cpp_initialize__aeabi_                  - Undefined Weak Reference
    __cxa_finalize                            - Undefined Weak Reference
    _clock_init                               - Undefined Weak Reference
    _microlib_exit                            - Undefined Weak Reference
    __Vectors_Size                           0x00000188   Number         0  startup_stm32f407xx.o ABSOLUTE
    __Vectors                                0x08000000   Data           4  startup_stm32f407xx.o(RESET)
    __Vectors_End                            0x08000188   Data           0  startup_stm32f407xx.o(RESET)
    __main                                   0x08000189   Thumb Code     0  entry.o(.ARM.Collect$$$$00000000)
    _main_stk                                0x08000189   Thumb Code     0  entry2.o(.ARM.Collect$$$$00000001)
    _main_scatterload                        0x0800018d   Thumb Code     0  entry5.o(.ARM.Collect$$$$00000004)
    __main_after_scatterload                 0x08000191   Thumb Code     0  entry5.o(.ARM.Collect$$$$00000004)
    _main_clock                              0x08000191   Thumb Code     0  entry7b.o(.ARM.Collect$$$$00000008)
    _main_cpp_init                           0x08000191   Thumb Code     0  entry8b.o(.ARM.Collect$$$$0000000A)
    _main_init                               0x08000191   Thumb Code     0  entry9a.o(.ARM.Collect$$$$0000000B)
    __rt_final_cpp                           0x08000199   Thumb Code     0  entry10a.o(.ARM.Collect$$$$0000000D)
    __rt_final_exit                          0x08000199   Thumb Code     0  entry11a.o(.ARM.Collect$$$$0000000F)
    Reset_Handler                            0x0800019d   Thumb Code     8  startup_stm32f407xx.o(.text)
    ADC_IRQHandler                           0x080001b7   Thumb Code     0  startup_stm32f407xx.o(.text)
    CAN1_RX0_IRQHandler                      0x080001b7   Thumb Code     0  startup_stm32f407xx.o(.text)
    CAN1_RX1_IRQHandler                      0x080001b7   Thumb Code     0  startup_stm32f407xx.o(.text)
    CAN1_SCE_IRQHandler                      0x080001b7   Thumb Code     0  startup_stm32f407xx.o(.text)
    CAN1_TX_IRQHandler                       0x080001b7   Thumb Code     0  startup_stm32f407xx.o(.text)
    CAN2_RX0_IRQHandler                      0x080001b7   Thumb Code     0  startup_stm32f407xx.o(.text)
    CAN2_RX1_IRQHandler                      0x080001b7   Thumb Code     0  startup_stm32f407xx.o(.text)
    CAN2_SCE_IRQHandler                      0x080001b7   Thumb Code     0  startup_stm32f407xx.o(.text)
    CAN2_TX_IRQHandler                       0x080001b7   Thumb Code     0  startup_stm32f407xx.o(.text)
    DCMI_IRQHandler                          0x080001b7   Thumb Code     0  startup_stm32f407xx.o(.text)
    DMA1_Stream0_IRQHandler                  0x080001b7   Thumb Code     0  startup_stm32f407xx.o(.text)
    DMA1_Stream1_IRQHandler                  0x080001b7   Thumb Code     0  startup_stm32f407xx.o(.text)
    DMA1_Stream2_IRQHandler                  0x080001b7   Thumb Code     0  startup_stm32f407xx.o(.text)
    DMA1_Stream3_IRQHandler                  0x080001b7   Thumb Code     0  startup_stm32f407xx.o(.text)
    DMA1_Stream4_IRQHandler                  0x080001b7   Thumb Code     0  startup_stm32f407xx.o(.text)
    DMA1_Stream5_IRQHandler                  0x080001b7   Thumb Code     0  startup_stm32f407xx.o(.text)
    DMA1_Stream6_IRQHandler                  0x080001b7   Thumb Code     0  startup_stm32f407xx.o(.text)
    DMA1_Stream7_IRQHandler                  0x080001b7   Thumb Code     0  startup_stm32f407xx.o(.text)
    DMA2_Stream1_IRQHandler                  0x080001b7   Thumb Code     0  startup_stm32f407xx.o(.text)
    DMA2_Stream3_IRQHandler                  0x080001b7   Thumb Code     0  startup_stm32f407xx.o(.text)
    DMA2_Stream4_IRQHandler                  0x080001b7   Thumb Code     0  startup_stm32f407xx.o(.text)
    DMA2_Stream5_IRQHandler                  0x080001b7   Thumb Code     0  startup_stm32f407xx.o(.text)
    DMA2_Stream6_IRQHandler                  0x080001b7   Thumb Code     0  startup_stm32f407xx.o(.text)
    ETH_IRQHandler                           0x080001b7   Thumb Code     0  startup_stm32f407xx.o(.text)
    ETH_WKUP_IRQHandler                      0x080001b7   Thumb Code     0  startup_stm32f407xx.o(.text)
    EXTI0_IRQHandler                         0x080001b7   Thumb Code     0  startup_stm32f407xx.o(.text)
    EXTI15_10_IRQHandler                     0x080001b7   Thumb Code     0  startup_stm32f407xx.o(.text)
    EXTI1_IRQHandler                         0x080001b7   Thumb Code     0  startup_stm32f407xx.o(.text)
    EXTI2_IRQHandler                         0x080001b7   Thumb Code     0  startup_stm32f407xx.o(.text)
    EXTI3_IRQHandler                         0x080001b7   Thumb Code     0  startup_stm32f407xx.o(.text)
    EXTI4_IRQHandler                         0x080001b7   Thumb Code     0  startup_stm32f407xx.o(.text)
    EXTI9_5_IRQHandler                       0x080001b7   Thumb Code     0  startup_stm32f407xx.o(.text)
    FLASH_IRQHandler                         0x080001b7   Thumb Code     0  startup_stm32f407xx.o(.text)
    FMC_IRQHandler                           0x080001b7   Thumb Code     0  startup_stm32f407xx.o(.text)
    FPU_IRQHandler                           0x080001b7   Thumb Code     0  startup_stm32f407xx.o(.text)
    HASH_RNG_IRQHandler                      0x080001b7   Thumb Code     0  startup_stm32f407xx.o(.text)
    I2C1_ER_IRQHandler                       0x080001b7   Thumb Code     0  startup_stm32f407xx.o(.text)
    I2C1_EV_IRQHandler                       0x080001b7   Thumb Code     0  startup_stm32f407xx.o(.text)
    I2C2_ER_IRQHandler                       0x080001b7   Thumb Code     0  startup_stm32f407xx.o(.text)
    I2C2_EV_IRQHandler                       0x080001b7   Thumb Code     0  startup_stm32f407xx.o(.text)
    I2C3_ER_IRQHandler                       0x080001b7   Thumb Code     0  startup_stm32f407xx.o(.text)
    I2C3_EV_IRQHandler                       0x080001b7   Thumb Code     0  startup_stm32f407xx.o(.text)
    OTG_FS_IRQHandler                        0x080001b7   Thumb Code     0  startup_stm32f407xx.o(.text)
    OTG_FS_WKUP_IRQHandler                   0x080001b7   Thumb Code     0  startup_stm32f407xx.o(.text)
    OTG_HS_EP1_IN_IRQHandler                 0x080001b7   Thumb Code     0  startup_stm32f407xx.o(.text)
    OTG_HS_EP1_OUT_IRQHandler                0x080001b7   Thumb Code     0  startup_stm32f407xx.o(.text)
    OTG_HS_IRQHandler                        0x080001b7   Thumb Code     0  startup_stm32f407xx.o(.text)
    OTG_HS_WKUP_IRQHandler                   0x080001b7   Thumb Code     0  startup_stm32f407xx.o(.text)
    PVD_IRQHandler                           0x080001b7   Thumb Code     0  startup_stm32f407xx.o(.text)
    RCC_IRQHandler                           0x080001b7   Thumb Code     0  startup_stm32f407xx.o(.text)
    RTC_Alarm_IRQHandler                     0x080001b7   Thumb Code     0  startup_stm32f407xx.o(.text)
    RTC_WKUP_IRQHandler                      0x080001b7   Thumb Code     0  startup_stm32f407xx.o(.text)
    SDIO_IRQHandler                          0x080001b7   Thumb Code     0  startup_stm32f407xx.o(.text)
    SPI1_IRQHandler                          0x080001b7   Thumb Code     0  startup_stm32f407xx.o(.text)
    SPI2_IRQHandler                          0x080001b7   Thumb Code     0  startup_stm32f407xx.o(.text)
    SPI3_IRQHandler                          0x080001b7   Thumb Code     0  startup_stm32f407xx.o(.text)
    TAMP_STAMP_IRQHandler                    0x080001b7   Thumb Code     0  startup_stm32f407xx.o(.text)
    TIM5_IRQHandler                          0x080001b7   Thumb Code     0  startup_stm32f407xx.o(.text)
    TIM7_IRQHandler                          0x080001b7   Thumb Code     0  startup_stm32f407xx.o(.text)
    TIM8_BRK_TIM12_IRQHandler                0x080001b7   Thumb Code     0  startup_stm32f407xx.o(.text)
    TIM8_CC_IRQHandler                       0x080001b7   Thumb Code     0  startup_stm32f407xx.o(.text)
    TIM8_TRG_COM_TIM14_IRQHandler            0x080001b7   Thumb Code     0  startup_stm32f407xx.o(.text)
    TIM8_UP_TIM13_IRQHandler                 0x080001b7   Thumb Code     0  startup_stm32f407xx.o(.text)
    UART4_IRQHandler                         0x080001b7   Thumb Code     0  startup_stm32f407xx.o(.text)
    UART5_IRQHandler                         0x080001b7   Thumb Code     0  startup_stm32f407xx.o(.text)
    USART2_IRQHandler                        0x080001b7   Thumb Code     0  startup_stm32f407xx.o(.text)
    USART3_IRQHandler                        0x080001b7   Thumb Code     0  startup_stm32f407xx.o(.text)
    USART6_IRQHandler                        0x080001b7   Thumb Code     0  startup_stm32f407xx.o(.text)
    WWDG_IRQHandler                          0x080001b7   Thumb Code     0  startup_stm32f407xx.o(.text)
    arm_cos_f32                              0x080001c1   Thumb Code   108  arm_cos_f32.o(.text)
    arm_sin_f32                              0x08000239   Thumb Code   130  arm_sin_f32.o(.text)
    __aeabi_uldivmod                         0x080002cd   Thumb Code    98  uldiv.o(.text)
    __aeabi_memset                           0x0800032f   Thumb Code    14  memseta.o(.text)
    __aeabi_memset4                          0x0800032f   Thumb Code     0  memseta.o(.text)
    __aeabi_memset8                          0x0800032f   Thumb Code     0  memseta.o(.text)
    __aeabi_memclr                           0x0800033d   Thumb Code     4  memseta.o(.text)
    __aeabi_memclr4                          0x0800033d   Thumb Code     0  memseta.o(.text)
    __aeabi_memclr8                          0x0800033d   Thumb Code     0  memseta.o(.text)
    _memset$wrapper                          0x08000341   Thumb Code    18  memseta.o(.text)
    __aeabi_dadd                             0x08000353   Thumb Code   322  dadd.o(.text)
    __aeabi_dsub                             0x08000495   Thumb Code     6  dadd.o(.text)
    __aeabi_drsub                            0x0800049b   Thumb Code     6  dadd.o(.text)
    __aeabi_dmul                             0x080004a1   Thumb Code   228  dmul.o(.text)
    __aeabi_f2d                              0x08000585   Thumb Code    38  f2d.o(.text)
    __aeabi_d2f                              0x080005ab   Thumb Code    56  d2f.o(.text)
    __aeabi_llsl                             0x080005e3   Thumb Code    30  llshl.o(.text)
    _ll_shift_l                              0x080005e3   Thumb Code     0  llshl.o(.text)
    __aeabi_llsr                             0x08000601   Thumb Code    32  llushr.o(.text)
    _ll_ushift_r                             0x08000601   Thumb Code     0  llushr.o(.text)
    __aeabi_lasr                             0x08000621   Thumb Code    36  llsshr.o(.text)
    _ll_sshift_r                             0x08000621   Thumb Code     0  llsshr.o(.text)
    __I$use$fp                               0x08000645   Thumb Code     0  iusefp.o(.text)
    _float_round                             0x08000645   Thumb Code    18  fepilogue.o(.text)
    _float_epilogue                          0x08000657   Thumb Code    92  fepilogue.o(.text)
    _double_round                            0x080006b3   Thumb Code    30  depilogue.o(.text)
    _double_epilogue                         0x080006d1   Thumb Code   156  depilogue.o(.text)
    _dsqrt                                   0x0800076d   Thumb Code   162  dsqrt.o(.text)
    __scatterload                            0x08000811   Thumb Code    28  init.o(.text)
    __scatterload_rt2                        0x08000811   Thumb Code     0  init.o(.text)
    __decompress                             0x08000835   Thumb Code     0  __dczerorl2.o(.text)
    __decompress1                            0x08000835   Thumb Code    86  __dczerorl2.o(.text)
    Ave_Sam_i                                0x08000a41   Thumb Code   150  ave_sam.o(i.Ave_Sam_i)
    Ave_Sam_u                                0x08000ae5   Thumb Code   150  ave_sam.o(i.Ave_Sam_u)
    Ave_Sam_w                                0x08000b89   Thumb Code   150  ave_sam.o(i.Ave_Sam_w)
    BusFault_Handler                         0x08000c7f   Thumb Code     2  stm32f4xx_it.o(i.BusFault_Handler)
    DMA2_Stream0_IRQHandler                  0x08000c81   Thumb Code     6  stm32f4xx_it.o(i.DMA2_Stream0_IRQHandler)
    DMA2_Stream2_IRQHandler                  0x08000c8d   Thumb Code     6  stm32f4xx_it.o(i.DMA2_Stream2_IRQHandler)
    DMA2_Stream7_IRQHandler                  0x08000c99   Thumb Code     6  stm32f4xx_it.o(i.DMA2_Stream7_IRQHandler)
    DebugMon_Handler                         0x08000d49   Thumb Code     2  stm32f4xx_it.o(i.DebugMon_Handler)
    Delay_ms                                 0x08000d4b   Thumb Code    22  key.o(i.Delay_ms)
    Delay_us                                 0x08000d61   Thumb Code    32  key.o(i.Delay_us)
    Error_Handler                            0x08000d81   Thumb Code     4  main.o(i.Error_Handler)
    Get_ADC                                  0x08000d85   Thumb Code   158  smping.o(i.Get_ADC)
    HAL_ADC_ConfigChannel                    0x08000e41   Thumb Code   316  stm32f4xx_hal_adc.o(i.HAL_ADC_ConfigChannel)
    HAL_ADC_ConvCpltCallback                 0x08000f8d   Thumb Code     2  stm32f4xx_hal_adc.o(i.HAL_ADC_ConvCpltCallback)
    HAL_ADC_ConvHalfCpltCallback             0x08000f8f   Thumb Code     2  stm32f4xx_hal_adc.o(i.HAL_ADC_ConvHalfCpltCallback)
    HAL_ADC_ErrorCallback                    0x08000f91   Thumb Code     2  stm32f4xx_hal_adc.o(i.HAL_ADC_ErrorCallback)
    HAL_ADC_Init                             0x08000f93   Thumb Code    84  stm32f4xx_hal_adc.o(i.HAL_ADC_Init)
    HAL_ADC_MspInit                          0x08000fe9   Thumb Code   134  adc.o(i.HAL_ADC_MspInit)
    HAL_ADC_Start_DMA                        0x08001085   Thumb Code   302  stm32f4xx_hal_adc.o(i.HAL_ADC_Start_DMA)
    HAL_DACEx_DMAUnderrunCallbackCh2         0x080011d9   Thumb Code     2  stm32f4xx_hal_dac_ex.o(i.HAL_DACEx_DMAUnderrunCallbackCh2)
    HAL_DAC_ConfigChannel                    0x080011db   Thumb Code    70  stm32f4xx_hal_dac.o(i.HAL_DAC_ConfigChannel)
    HAL_DAC_DMAUnderrunCallbackCh1           0x08001221   Thumb Code     2  stm32f4xx_hal_dac.o(i.HAL_DAC_DMAUnderrunCallbackCh1)
    HAL_DAC_IRQHandler                       0x08001223   Thumb Code   104  stm32f4xx_hal_dac.o(i.HAL_DAC_IRQHandler)
    HAL_DAC_Init                             0x0800128b   Thumb Code    40  stm32f4xx_hal_dac.o(i.HAL_DAC_Init)
    HAL_DAC_MspInit                          0x080012b5   Thumb Code   100  dac.o(i.HAL_DAC_MspInit)
    HAL_DAC_Start                            0x08001325   Thumb Code    92  stm32f4xx_hal_dac.o(i.HAL_DAC_Start)
    HAL_DMA_Abort                            0x08001381   Thumb Code   146  stm32f4xx_hal_dma.o(i.HAL_DMA_Abort)
    HAL_DMA_Abort_IT                         0x08001413   Thumb Code    36  stm32f4xx_hal_dma.o(i.HAL_DMA_Abort_IT)
    HAL_DMA_IRQHandler                       0x08001439   Thumb Code   412  stm32f4xx_hal_dma.o(i.HAL_DMA_IRQHandler)
    HAL_DMA_Init                             0x080015d9   Thumb Code   206  stm32f4xx_hal_dma.o(i.HAL_DMA_Init)
    HAL_DMA_Start_IT                         0x080016ad   Thumb Code   110  stm32f4xx_hal_dma.o(i.HAL_DMA_Start_IT)
    HAL_Delay                                0x0800171d   Thumb Code    32  stm32f4xx_hal.o(i.HAL_Delay)
    HAL_GPIO_Init                            0x08001741   Thumb Code   450  stm32f4xx_hal_gpio.o(i.HAL_GPIO_Init)
    HAL_GPIO_ReadPin                         0x08001931   Thumb Code    10  stm32f4xx_hal_gpio.o(i.HAL_GPIO_ReadPin)
    HAL_GPIO_WritePin                        0x0800193b   Thumb Code    10  stm32f4xx_hal_gpio.o(i.HAL_GPIO_WritePin)
    HAL_GetTick                              0x08001945   Thumb Code     6  stm32f4xx_hal.o(i.HAL_GetTick)
    HAL_I2C_Init                             0x08001951   Thumb Code   376  stm32f4xx_hal_i2c.o(i.HAL_I2C_Init)
    HAL_I2C_Mem_Write                        0x08001ad9   Thumb Code   294  stm32f4xx_hal_i2c.o(i.HAL_I2C_Mem_Write)
    HAL_I2C_MspInit                          0x08001c09   Thumb Code    92  i2c.o(i.HAL_I2C_MspInit)
    HAL_IncTick                              0x08001c71   Thumb Code    12  stm32f4xx_hal.o(i.HAL_IncTick)
    HAL_Init                                 0x08001c81   Thumb Code    48  stm32f4xx_hal.o(i.HAL_Init)
    HAL_InitTick                             0x08001cb5   Thumb Code    54  stm32f4xx_hal.o(i.HAL_InitTick)
    HAL_MspInit                              0x08001cf5   Thumb Code    42  stm32f4xx_hal_msp.o(i.HAL_MspInit)
    HAL_NVIC_EnableIRQ                       0x08001d25   Thumb Code    26  stm32f4xx_hal_cortex.o(i.HAL_NVIC_EnableIRQ)
    HAL_NVIC_SetPriority                     0x08001d41   Thumb Code    60  stm32f4xx_hal_cortex.o(i.HAL_NVIC_SetPriority)
    HAL_NVIC_SetPriorityGrouping             0x08001d81   Thumb Code    26  stm32f4xx_hal_cortex.o(i.HAL_NVIC_SetPriorityGrouping)
    HAL_RCC_ClockConfig                      0x08001da5   Thumb Code   288  stm32f4xx_hal_rcc.o(i.HAL_RCC_ClockConfig)
    HAL_RCC_GetPCLK1Freq                     0x08001ed9   Thumb Code    20  stm32f4xx_hal_rcc.o(i.HAL_RCC_GetPCLK1Freq)
    HAL_RCC_GetPCLK2Freq                     0x08001ef9   Thumb Code    20  stm32f4xx_hal_rcc.o(i.HAL_RCC_GetPCLK2Freq)
    HAL_RCC_GetSysClockFreq                  0x08001f19   Thumb Code    88  stm32f4xx_hal_rcc.o(i.HAL_RCC_GetSysClockFreq)
    HAL_RCC_OscConfig                        0x08001f79   Thumb Code   856  stm32f4xx_hal_rcc.o(i.HAL_RCC_OscConfig)
    HAL_SYSTICK_Config                       0x080022e5   Thumb Code    40  stm32f4xx_hal_cortex.o(i.HAL_SYSTICK_Config)
    HAL_TIMEx_BreakCallback                  0x0800230d   Thumb Code     2  stm32f4xx_hal_tim_ex.o(i.HAL_TIMEx_BreakCallback)
    HAL_TIMEx_CommutCallback                 0x0800230f   Thumb Code     2  stm32f4xx_hal_tim_ex.o(i.HAL_TIMEx_CommutCallback)
    HAL_TIMEx_ConfigBreakDeadTime            0x08002311   Thumb Code    84  stm32f4xx_hal_tim_ex.o(i.HAL_TIMEx_ConfigBreakDeadTime)
    HAL_TIMEx_MasterConfigSynchronization    0x08002365   Thumb Code   116  stm32f4xx_hal_tim_ex.o(i.HAL_TIMEx_MasterConfigSynchronization)
    HAL_TIM_Base_Init                        0x080023f5   Thumb Code    90  stm32f4xx_hal_tim.o(i.HAL_TIM_Base_Init)
    HAL_TIM_Base_MspInit                     0x08002451   Thumb Code   246  tim.o(i.HAL_TIM_Base_MspInit)
    HAL_TIM_Base_Start_IT                    0x0800255d   Thumb Code   100  stm32f4xx_hal_tim.o(i.HAL_TIM_Base_Start_IT)
    HAL_TIM_ConfigClockSource                0x080025dd   Thumb Code   220  stm32f4xx_hal_tim.o(i.HAL_TIM_ConfigClockSource)
    HAL_TIM_IC_CaptureCallback               0x080026b9   Thumb Code     2  stm32f4xx_hal_tim.o(i.HAL_TIM_IC_CaptureCallback)
    HAL_TIM_IRQHandler                       0x080026bb   Thumb Code   358  stm32f4xx_hal_tim.o(i.HAL_TIM_IRQHandler)
    HAL_TIM_MspPostInit                      0x08002821   Thumb Code    72  tim.o(i.HAL_TIM_MspPostInit)
    HAL_TIM_OC_DelayElapsedCallback          0x08002875   Thumb Code     2  stm32f4xx_hal_tim.o(i.HAL_TIM_OC_DelayElapsedCallback)
    HAL_TIM_PWM_ConfigChannel                0x08002877   Thumb Code   204  stm32f4xx_hal_tim.o(i.HAL_TIM_PWM_ConfigChannel)
    HAL_TIM_PWM_Init                         0x08002943   Thumb Code    90  stm32f4xx_hal_tim.o(i.HAL_TIM_PWM_Init)
    HAL_TIM_PWM_MspInit                      0x0800299d   Thumb Code     2  stm32f4xx_hal_tim.o(i.HAL_TIM_PWM_MspInit)
    HAL_TIM_PWM_PulseFinishedCallback        0x0800299f   Thumb Code     2  stm32f4xx_hal_tim.o(i.HAL_TIM_PWM_PulseFinishedCallback)
    HAL_TIM_PWM_Start                        0x080029a1   Thumb Code   172  stm32f4xx_hal_tim.o(i.HAL_TIM_PWM_Start)
    HAL_TIM_PeriodElapsedCallback            0x08002a69   Thumb Code   862  main.o(i.HAL_TIM_PeriodElapsedCallback)
    HAL_TIM_TriggerCallback                  0x08002e4d   Thumb Code     2  stm32f4xx_hal_tim.o(i.HAL_TIM_TriggerCallback)
    HAL_UARTEx_RxEventCallback               0x08002e4f   Thumb Code     2  stm32f4xx_hal_uart.o(i.HAL_UARTEx_RxEventCallback)
    HAL_UART_ErrorCallback                   0x08002e51   Thumb Code     2  stm32f4xx_hal_uart.o(i.HAL_UART_ErrorCallback)
    HAL_UART_IRQHandler                      0x08002e55   Thumb Code   610  stm32f4xx_hal_uart.o(i.HAL_UART_IRQHandler)
    HAL_UART_Init                            0x080030bd   Thumb Code    98  stm32f4xx_hal_uart.o(i.HAL_UART_Init)
    HAL_UART_MspInit                         0x08003121   Thumb Code   210  usart.o(i.HAL_UART_MspInit)
    HAL_UART_RxCpltCallback                  0x08003209   Thumb Code     2  stm32f4xx_hal_uart.o(i.HAL_UART_RxCpltCallback)
    HAL_UART_TxCpltCallback                  0x0800320b   Thumb Code     2  stm32f4xx_hal_uart.o(i.HAL_UART_TxCpltCallback)
    HardFault_Handler                        0x0800320d   Thumb Code     2  stm32f4xx_it.o(i.HardFault_Handler)
    KEY_Scan                                 0x0800347d   Thumb Code   146  key.o(i.KEY_Scan)
    KEY_Scan1                                0x08003519   Thumb Code   196  key.o(i.KEY_Scan1)
    MX_ADC1_Init                             0x080035e9   Thumb Code   168  adc.o(i.MX_ADC1_Init)
    MX_DAC_Init                              0x0800369d   Thumb Code    50  dac.o(i.MX_DAC_Init)
    MX_DMA_Init                              0x080036d9   Thumb Code    72  dma.o(i.MX_DMA_Init)
    MX_GPIO_Init                             0x08003725   Thumb Code   166  gpio.o(i.MX_GPIO_Init)
    MX_I2C1_Init                             0x080037dd   Thumb Code    50  i2c.o(i.MX_I2C1_Init)
    MX_TIM1_Init                             0x0800381d   Thumb Code   230  tim.o(i.MX_TIM1_Init)
    MX_TIM2_Init                             0x0800390d   Thumb Code    96  tim.o(i.MX_TIM2_Init)
    MX_TIM3_Init                             0x08003971   Thumb Code    94  tim.o(i.MX_TIM3_Init)
    MX_TIM4_Init                             0x080039d9   Thumb Code    94  tim.o(i.MX_TIM4_Init)
    MX_TIM6_Init                             0x08003a41   Thumb Code    60  tim.o(i.MX_TIM6_Init)
    MX_USART1_UART_Init                      0x08003a85   Thumb Code    48  usart.o(i.MX_USART1_UART_Init)
    MemManage_Handler                        0x08003abd   Thumb Code     2  stm32f4xx_it.o(i.MemManage_Handler)
    NMI_Handler                              0x08003abf   Thumb Code     2  stm32f4xx_it.o(i.NMI_Handler)
    OLEDShowData                             0x08003ac1   Thumb Code    82  oled.o(i.OLEDShowData)
    OLED_CLS                                 0x08003b3d   Thumb Code    18  oled.o(i.OLED_CLS)
    OLED_Fill                                0x08003b51   Thumb Code    56  oled.o(i.OLED_Fill)
    OLED_Init                                0x08003b89   Thumb Code   186  oled.o(i.OLED_Init)
    OLED_ON                                  0x08003c43   Thumb Code    24  oled.o(i.OLED_ON)
    OLED_SetPos                              0x08003c5b   Thumb Code    38  oled.o(i.OLED_SetPos)
    OLED_ShowStr                             0x08003c81   Thumb Code   208  oled.o(i.OLED_ShowStr)
    PID_init                                 0x08003d59   Thumb Code    38  spwm_pid.o(i.PID_init)
    PIDcon                                   0x08003d8d   Thumb Code   114  sogi_pll.o(i.PIDcon)
    PLL_Init                                 0x08003e01   Thumb Code    96  pll.o(i.PLL_Init)
    PendSV_Handler                           0x08003e7d   Thumb Code     2  stm32f4xx_it.o(i.PendSV_Handler)
    SOGI_FIL                                 0x08003e81   Thumb Code   184  sogi_pll.o(i.SOGI_FIL)
    SVC_Handler                              0x08003f4d   Thumb Code     2  stm32f4xx_it.o(i.SVC_Handler)
    Sin_Start                                0x08003f51   Thumb Code   196  svpwm.o(i.Sin_Start)
    Sogi_pll                                 0x0800403d   Thumb Code   284  sogi_pll.o(i.Sogi_pll)
    Spwm_pid                                 0x08004165   Thumb Code    94  spwm_pid.o(i.Spwm_pid)
    SysTick_Handler                          0x080041c3   Thumb Code     4  stm32f4xx_it.o(i.SysTick_Handler)
    SystemClock_Config                       0x080041c9   Thumb Code   138  main.o(i.SystemClock_Config)
    SystemInit                               0x0800425d   Thumb Code    12  system_stm32f4xx.o(i.SystemInit)
    TIM1_BRK_TIM9_IRQHandler                 0x0800426d   Thumb Code     6  stm32f4xx_it.o(i.TIM1_BRK_TIM9_IRQHandler)
    TIM1_CC_IRQHandler                       0x08004279   Thumb Code     6  stm32f4xx_it.o(i.TIM1_CC_IRQHandler)
    TIM1_TRG_COM_TIM11_IRQHandler            0x08004285   Thumb Code     6  stm32f4xx_it.o(i.TIM1_TRG_COM_TIM11_IRQHandler)
    TIM1_UP_TIM10_IRQHandler                 0x08004291   Thumb Code     6  stm32f4xx_it.o(i.TIM1_UP_TIM10_IRQHandler)
    TIM2_IRQHandler                          0x0800429d   Thumb Code     6  stm32f4xx_it.o(i.TIM2_IRQHandler)
    TIM3_IRQHandler                          0x080042a9   Thumb Code     6  stm32f4xx_it.o(i.TIM3_IRQHandler)
    TIM4_IRQHandler                          0x080042b5   Thumb Code     6  stm32f4xx_it.o(i.TIM4_IRQHandler)
    TIM6_DAC_IRQHandler                      0x080042c1   Thumb Code    18  stm32f4xx_it.o(i.TIM6_DAC_IRQHandler)
    TIM_Base_SetConfig                       0x080042dd   Thumb Code   156  stm32f4xx_hal_tim.o(i.TIM_Base_SetConfig)
    TIM_CCxChannelCmd                        0x080043a5   Thumb Code    26  stm32f4xx_hal_tim.o(i.TIM_CCxChannelCmd)
    TIM_ETR_SetConfig                        0x080043bf   Thumb Code    20  stm32f4xx_hal_tim.o(i.TIM_ETR_SetConfig)
    TIM_OC2_SetConfig                        0x08004445   Thumb Code    98  stm32f4xx_hal_tim.o(i.TIM_OC2_SetConfig)
    USART1_IRQHandler                        0x080047d9   Thumb Code     6  stm32f4xx_it.o(i.USART1_IRQHandler)
    UsageFault_Handler                       0x080047e5   Thumb Code     2  stm32f4xx_it.o(i.UsageFault_Handler)
    WriteCmd                                 0x080047e9   Thumb Code    30  oled.o(i.WriteCmd)
    WriteDat                                 0x0800480d   Thumb Code    30  oled.o(i.WriteDat)
    __hardfp_sqrt                            0x08004851   Thumb Code   122  sqrt_full.o(i.__hardfp_sqrt)
    __scatterload_copy                       0x080048cb   Thumb Code    14  handlers.o(i.__scatterload_copy)
    __scatterload_null                       0x080048d9   Thumb Code     2  handlers.o(i.__scatterload_null)
    __scatterload_zeroinit                   0x080048db   Thumb Code    14  handlers.o(i.__scatterload_zeroinit)
    __set_errno                              0x080048e9   Thumb Code     6  errno.o(i.__set_errno)
    main                                     0x08004959   Thumb Code   660  main.o(i.main)
    F6x8                                     0x08004c60   Data         552  oled.o(.constdata)
    F8X16                                    0x08004e88   Data        1520  oled.o(.constdata)
    AHBPrescTable                            0x08005480   Data          16  system_stm32f4xx.o(.constdata)
    APBPrescTable                            0x08005490   Data           8  system_stm32f4xx.o(.constdata)
    sinTable_f32                             0x08005498   Data        2052  arm_common_tables.o(.constdata)
    Region$$Table$$Base                      0x08005c9c   Number         0  anon$$obj.o(Region$$Table)
    Region$$Table$$Limit                     0x08005cbc   Number         0  anon$$obj.o(Region$$Table)
    bSector                                  0x20000000   Data           1  svpwm.o(.data)
    N                                        0x20000001   Data           1  svpwm.o(.data)
    Time                                     0x20000004   Data           4  svpwm.o(.data)
    a                                        0x20000008   Data           4  svpwm.o(.data)
    wX                                       0x2000000c   Data           4  svpwm.o(.data)
    wY                                       0x20000010   Data           4  svpwm.o(.data)
    wZ                                       0x20000014   Data           4  svpwm.o(.data)
    K                                        0x20000018   Data           4  ave_sam.o(.data)
    W                                        0x2000001c   Data           4  ave_sam.o(.data)
    Ts                                       0x20000020   Data           4  ave_sam.o(.data)
    u_sum                                    0x20000024   Data           4  ave_sam.o(.data)
    i_sum                                    0x20000028   Data           4  ave_sam.o(.data)
    u_ref_                                   0x2000002c   Data           4  ave_sam.o(.data)
    i_ref_                                   0x20000030   Data           4  ave_sam.o(.data)
    w_sum                                    0x20000034   Data           4  ave_sam.o(.data)
    w_ref_                                   0x20000038   Data           4  ave_sam.o(.data)
    n                                        0x2000003c   Data           4  ave_sam.o(.data)
    Ave_flag                                 0x20000040   Data           4  ave_sam.o(.data)
    v0_s_1                                   0x20000044   Data           4  ave_sam.o(.data)
    v1_s_1                                   0x20000048   Data           4  ave_sam.o(.data)
    v2_s_1                                   0x2000004c   Data           4  ave_sam.o(.data)
    v3_s_1                                   0x20000050   Data           4  ave_sam.o(.data)
    sin_Theta                                0x20000054   Data           4  ave_sam.o(.data)
    cos_Theta                                0x20000058   Data           4  ave_sam.o(.data)
    V_ref_in                                 0x20000064   Data           4  smping.o(.data)
    V_ref_init                               0x20000068   Data           4  smping.o(.data)
    lianxu                                   0x20000070   Data           4  key.o(.data)
    first                                    0x20000074   Data           4  key.o(.data)
    qiehuan_flag                             0x20000078   Data           1  main.o(.data)
    key                                      0x20000079   Data           1  main.o(.data)
    key1                                     0x2000007a   Data           1  main.o(.data)
    time_count                               0x2000007c   Data           2  main.o(.data)
    Un                                       0x20000080   Data           4  main.o(.data)
    target_nibian                            0x20000084   Data           4  main.o(.data)
    id_tar                                   0x20000088   Data           4  main.o(.data)
    x                                        0x2000008c   Data           4  main.o(.data)
    sumU                                     0x20000090   Data           4  main.o(.data)
    Sin_A                                    0x20000094   Data           4  main.o(.data)
    Out                                      0x20000098   Data           4  main.o(.data)
    Tim_1_channe1_Compare                    0x2000009c   Data           4  main.o(.data)
    Tim_1_channe2_Compare                    0x200000a0   Data           4  main.o(.data)
    iq_error                                 0x200000a4   Data           4  main.o(.data)
    iq_error_sum                             0x200000a8   Data           4  main.o(.data)
    id_error                                 0x200000ac   Data           4  main.o(.data)
    id_error_sum                             0x200000b0   Data           4  main.o(.data)
    uab                                      0x200000b4   Data           4  main.o(.data)
    uab_d                                    0x200000b8   Data           4  main.o(.data)
    uab_q                                    0x200000bc   Data           4  main.o(.data)
    Iset                                     0x200000c0   Data           4  main.o(.data)
    IoutT                                    0x200000c4   Data           4  main.o(.data)
    Sin_B                                    0x200000c8   Data           4  main.o(.data)
    Sin_C                                    0x200000cc   Data           4  main.o(.data)
    uwTickFreq                               0x200000d0   Data           1  stm32f4xx_hal.o(.data)
    uwTickPrio                               0x200000d4   Data           4  stm32f4xx_hal.o(.data)
    uwTick                                   0x200000d8   Data           4  stm32f4xx_hal.o(.data)
    SystemCoreClock                          0x200000dc   Data           4  system_stm32f4xx.o(.data)
    phase1                                   0x200000e0   Data           4  sogi_pll.o(.data)
    u                                        0x200000e4   Data          44  sogi_pll.o(.data)
    qu                                       0x20000110   Data          44  sogi_pll.o(.data)
    i                                        0x2000013c   Data          20  sogi_pll.o(.data)
    PIQ                                      0x20000150   Data          44  sogi_pll.o(.data)
    PRII                                     0x2000017c   Data          52  sogi_pll.o(.data)
    Ave_i                                    0x200001b4   Data         800  ave_sam.o(.bss)
    Ave_u                                    0x200004d4   Data         800  ave_sam.o(.bss)
    AD_Buf                                   0x20000b14   Data          10  smping.o(.bss)
    fil_i                                    0x20000b20   Data          24  main.o(.bss)
    fil_u                                    0x20000b38   Data          24  main.o(.bss)
    Cleck                                    0x20000b50   Data          40  main.o(.bss)
    Park                                     0x20000b78   Data          28  main.o(.bss)
    AD_buf                                   0x20000b94   Data          88  main.o(.bss)
    pid                                      0x20000bec   Data          36  main.o(.bss)
    hadc1                                    0x20000c10   Data          72  adc.o(.bss)
    hdma_adc1                                0x20000c58   Data          96  adc.o(.bss)
    hdac                                     0x20000cb8   Data          20  dac.o(.bss)
    hi2c1                                    0x20000ccc   Data          84  i2c.o(.bss)
    htim1                                    0x20000d20   Data          72  tim.o(.bss)
    htim2                                    0x20000d68   Data          72  tim.o(.bss)
    htim3                                    0x20000db0   Data          72  tim.o(.bss)
    htim4                                    0x20000df8   Data          72  tim.o(.bss)
    htim6                                    0x20000e40   Data          72  tim.o(.bss)
    huart1                                   0x20000e88   Data          68  usart.o(.bss)
    hdma_usart1_rx                           0x20000ecc   Data          96  usart.o(.bss)
    hdma_usart1_tx                           0x20000f2c   Data          96  usart.o(.bss)
    PLL_pid                                  0x20000f8c   Data          40  pll.o(.bss)
    p                                        0x20000fb4   Data          32  sogi_pll.o(.bss)
    pf                                       0x20000fd4   Data          36  sogi_pll.o(.bss)
    __initial_sp                             0x200013f8   Data           0  startup_stm32f407xx.o(STACK)



==============================================================================

Memory Map of the image

  Image Entry point : 0x08000189

  Load Region LR_IROM1 (Base: 0x08000000, Size: 0x00005e70, Max: 0x00080000, ABSOLUTE, COMPRESSED[0x00005d4c])

    Execution Region ER_IROM1 (Base: 0x08000000, Size: 0x00005cbc, Max: 0x00080000, ABSOLUTE)

    Base Addr    Size         Type   Attr      Idx    E Section Name        Object

    0x08000000   0x00000188   Data   RO            3    RESET               startup_stm32f407xx.o
    0x08000188   0x00000000   Code   RO         5019  * .ARM.Collect$$$$00000000  mc_w.l(entry.o)
    0x08000188   0x00000004   Code   RO         5079    .ARM.Collect$$$$00000001  mc_w.l(entry2.o)
    0x0800018c   0x00000004   Code   RO         5082    .ARM.Collect$$$$00000004  mc_w.l(entry5.o)
    0x08000190   0x00000000   Code   RO         5084    .ARM.Collect$$$$00000008  mc_w.l(entry7b.o)
    0x08000190   0x00000000   Code   RO         5086    .ARM.Collect$$$$0000000A  mc_w.l(entry8b.o)
    0x08000190   0x00000008   Code   RO         5087    .ARM.Collect$$$$0000000B  mc_w.l(entry9a.o)
    0x08000198   0x00000000   Code   RO         5089    .ARM.Collect$$$$0000000D  mc_w.l(entry10a.o)
    0x08000198   0x00000000   Code   RO         5091    .ARM.Collect$$$$0000000F  mc_w.l(entry11a.o)
    0x08000198   0x00000004   Code   RO         5080    .ARM.Collect$$$$00002712  mc_w.l(entry2.o)
    0x0800019c   0x00000024   Code   RO            4    .text               startup_stm32f407xx.o
    0x080001c0   0x00000078   Code   RO         4816    .text               arm_cortexM4lf_math.lib(arm_cos_f32.o)
    0x08000238   0x00000094   Code   RO         4866    .text               arm_cortexM4lf_math.lib(arm_sin_f32.o)
    0x080002cc   0x00000062   Code   RO         5022    .text               mc_w.l(uldiv.o)
    0x0800032e   0x00000024   Code   RO         5024    .text               mc_w.l(memseta.o)
    0x08000352   0x0000014e   Code   RO         5026    .text               mf_w.l(dadd.o)
    0x080004a0   0x000000e4   Code   RO         5028    .text               mf_w.l(dmul.o)
    0x08000584   0x00000026   Code   RO         5032    .text               mf_w.l(f2d.o)
    0x080005aa   0x00000038   Code   RO         5034    .text               mf_w.l(d2f.o)
    0x080005e2   0x0000001e   Code   RO         5093    .text               mc_w.l(llshl.o)
    0x08000600   0x00000020   Code   RO         5095    .text               mc_w.l(llushr.o)
    0x08000620   0x00000024   Code   RO         5097    .text               mc_w.l(llsshr.o)
    0x08000644   0x00000000   Code   RO         5106    .text               mc_w.l(iusefp.o)
    0x08000644   0x0000006e   Code   RO         5107    .text               mf_w.l(fepilogue.o)
    0x080006b2   0x000000ba   Code   RO         5109    .text               mf_w.l(depilogue.o)
    0x0800076c   0x000000a2   Code   RO         5113    .text               mf_w.l(dsqrt.o)
    0x0800080e   0x00000002   PAD
    0x08000810   0x00000024   Code   RO         5117    .text               mc_w.l(init.o)
    0x08000834   0x00000056   Code   RO         5127    .text               mc_w.l(__dczerorl2.o)
    0x0800088a   0x0000006e   Code   RO         1227    i.ADC_DMAConvCplt   stm32f4xx_hal_adc.o
    0x080008f8   0x00000016   Code   RO         1228    i.ADC_DMAError      stm32f4xx_hal_adc.o
    0x0800090e   0x0000000a   Code   RO         1229    i.ADC_DMAHalfConvCplt  stm32f4xx_hal_adc.o
    0x08000918   0x00000128   Code   RO         1230    i.ADC_Init          stm32f4xx_hal_adc.o
    0x08000a40   0x000000a4   Code   RO          228    i.Ave_Sam_i         ave_sam.o
    0x08000ae4   0x000000a4   Code   RO          229    i.Ave_Sam_u         ave_sam.o
    0x08000b88   0x000000a4   Code   RO          230    i.Ave_Sam_w         ave_sam.o
    0x08000c2c   0x00000052   Code   RO         4731    i.BTF               sogi_pll.o
    0x08000c7e   0x00000002   Code   RO         1055    i.BusFault_Handler  stm32f4xx_it.o
    0x08000c80   0x0000000c   Code   RO         1056    i.DMA2_Stream0_IRQHandler  stm32f4xx_it.o
    0x08000c8c   0x0000000c   Code   RO         1057    i.DMA2_Stream2_IRQHandler  stm32f4xx_it.o
    0x08000c98   0x0000000c   Code   RO         1058    i.DMA2_Stream7_IRQHandler  stm32f4xx_it.o
    0x08000ca4   0x00000028   Code   RO         1964    i.DMA_CalcBaseAndBitshift  stm32f4xx_hal_dma.o
    0x08000ccc   0x00000054   Code   RO         1965    i.DMA_CheckFifoParam  stm32f4xx_hal_dma.o
    0x08000d20   0x00000028   Code   RO         1966    i.DMA_SetConfig     stm32f4xx_hal_dma.o
    0x08000d48   0x00000002   Code   RO         1059    i.DebugMon_Handler  stm32f4xx_it.o
    0x08000d4a   0x00000016   Code   RO          480    i.Delay_ms          key.o
    0x08000d60   0x00000020   Code   RO          481    i.Delay_us          key.o
    0x08000d80   0x00000004   Code   RO          658    i.Error_Handler     main.o
    0x08000d84   0x000000bc   Code   RO          436    i.Get_ADC           smping.o
    0x08000e40   0x0000014c   Code   RO         1232    i.HAL_ADC_ConfigChannel  stm32f4xx_hal_adc.o
    0x08000f8c   0x00000002   Code   RO         1233    i.HAL_ADC_ConvCpltCallback  stm32f4xx_hal_adc.o
    0x08000f8e   0x00000002   Code   RO         1234    i.HAL_ADC_ConvHalfCpltCallback  stm32f4xx_hal_adc.o
    0x08000f90   0x00000002   Code   RO         1236    i.HAL_ADC_ErrorCallback  stm32f4xx_hal_adc.o
    0x08000f92   0x00000054   Code   RO         1241    i.HAL_ADC_Init      stm32f4xx_hal_adc.o
    0x08000fe6   0x00000002   PAD
    0x08000fe8   0x0000009c   Code   RO          792    i.HAL_ADC_MspInit   adc.o
    0x08001084   0x00000154   Code   RO         1248    i.HAL_ADC_Start_DMA  stm32f4xx_hal_adc.o
    0x080011d8   0x00000002   Code   RO         2786    i.HAL_DACEx_DMAUnderrunCallbackCh2  stm32f4xx_hal_dac_ex.o
    0x080011da   0x00000046   Code   RO         2640    i.HAL_DAC_ConfigChannel  stm32f4xx_hal_dac.o
    0x08001220   0x00000002   Code   RO         2643    i.HAL_DAC_DMAUnderrunCallbackCh1  stm32f4xx_hal_dac.o
    0x08001222   0x00000068   Code   RO         2649    i.HAL_DAC_IRQHandler  stm32f4xx_hal_dac.o
    0x0800128a   0x00000028   Code   RO         2650    i.HAL_DAC_Init      stm32f4xx_hal_dac.o
    0x080012b2   0x00000002   PAD
    0x080012b4   0x00000070   Code   RO          834    i.HAL_DAC_MspInit   dac.o
    0x08001324   0x0000005c   Code   RO         2654    i.HAL_DAC_Start     stm32f4xx_hal_dac.o
    0x08001380   0x00000092   Code   RO         1967    i.HAL_DMA_Abort     stm32f4xx_hal_dma.o
    0x08001412   0x00000024   Code   RO         1968    i.HAL_DMA_Abort_IT  stm32f4xx_hal_dma.o
    0x08001436   0x00000002   PAD
    0x08001438   0x000001a0   Code   RO         1972    i.HAL_DMA_IRQHandler  stm32f4xx_hal_dma.o
    0x080015d8   0x000000d4   Code   RO         1973    i.HAL_DMA_Init      stm32f4xx_hal_dma.o
    0x080016ac   0x0000006e   Code   RO         1977    i.HAL_DMA_Start_IT  stm32f4xx_hal_dma.o
    0x0800171a   0x00000002   PAD
    0x0800171c   0x00000024   Code   RO         2386    i.HAL_Delay         stm32f4xx_hal.o
    0x08001740   0x000001f0   Code   RO         1860    i.HAL_GPIO_Init     stm32f4xx_hal_gpio.o
    0x08001930   0x0000000a   Code   RO         1862    i.HAL_GPIO_ReadPin  stm32f4xx_hal_gpio.o
    0x0800193a   0x0000000a   Code   RO         1864    i.HAL_GPIO_WritePin  stm32f4xx_hal_gpio.o
    0x08001944   0x0000000c   Code   RO         2392    i.HAL_GetTick       stm32f4xx_hal.o
    0x08001950   0x00000188   Code   RO         2888    i.HAL_I2C_Init      stm32f4xx_hal_i2c.o
    0x08001ad8   0x00000130   Code   RO         2909    i.HAL_I2C_Mem_Write  stm32f4xx_hal_i2c.o
    0x08001c08   0x00000068   Code   RO          900    i.HAL_I2C_MspInit   i2c.o
    0x08001c70   0x00000010   Code   RO         2398    i.HAL_IncTick       stm32f4xx_hal.o
    0x08001c80   0x00000034   Code   RO         2399    i.HAL_Init          stm32f4xx_hal.o
    0x08001cb4   0x00000040   Code   RO         2400    i.HAL_InitTick      stm32f4xx_hal.o
    0x08001cf4   0x00000030   Code   RO         1203    i.HAL_MspInit       stm32f4xx_hal_msp.o
    0x08001d24   0x0000001a   Code   RO         2249    i.HAL_NVIC_EnableIRQ  stm32f4xx_hal_cortex.o
    0x08001d3e   0x00000002   PAD
    0x08001d40   0x00000040   Code   RO         2255    i.HAL_NVIC_SetPriority  stm32f4xx_hal_cortex.o
    0x08001d80   0x00000024   Code   RO         2256    i.HAL_NVIC_SetPriorityGrouping  stm32f4xx_hal_cortex.o
    0x08001da4   0x00000134   Code   RO         1506    i.HAL_RCC_ClockConfig  stm32f4xx_hal_rcc.o
    0x08001ed8   0x00000020   Code   RO         1513    i.HAL_RCC_GetPCLK1Freq  stm32f4xx_hal_rcc.o
    0x08001ef8   0x00000020   Code   RO         1514    i.HAL_RCC_GetPCLK2Freq  stm32f4xx_hal_rcc.o
    0x08001f18   0x00000060   Code   RO         1515    i.HAL_RCC_GetSysClockFreq  stm32f4xx_hal_rcc.o
    0x08001f78   0x0000036c   Code   RO         1518    i.HAL_RCC_OscConfig  stm32f4xx_hal_rcc.o
    0x080022e4   0x00000028   Code   RO         2260    i.HAL_SYSTICK_Config  stm32f4xx_hal_cortex.o
    0x0800230c   0x00000002   Code   RO         4033    i.HAL_TIMEx_BreakCallback  stm32f4xx_hal_tim_ex.o
    0x0800230e   0x00000002   Code   RO         4034    i.HAL_TIMEx_CommutCallback  stm32f4xx_hal_tim_ex.o
    0x08002310   0x00000054   Code   RO         4036    i.HAL_TIMEx_ConfigBreakDeadTime  stm32f4xx_hal_tim_ex.o
    0x08002364   0x00000090   Code   RO         4052    i.HAL_TIMEx_MasterConfigSynchronization  stm32f4xx_hal_tim_ex.o
    0x080023f4   0x0000005a   Code   RO         3329    i.HAL_TIM_Base_Init  stm32f4xx_hal_tim.o
    0x0800244e   0x00000002   PAD
    0x08002450   0x0000010c   Code   RO          942    i.HAL_TIM_Base_MspInit  tim.o
    0x0800255c   0x00000080   Code   RO         3334    i.HAL_TIM_Base_Start_IT  stm32f4xx_hal_tim.o
    0x080025dc   0x000000dc   Code   RO         3338    i.HAL_TIM_ConfigClockSource  stm32f4xx_hal_tim.o
    0x080026b8   0x00000002   Code   RO         3363    i.HAL_TIM_IC_CaptureCallback  stm32f4xx_hal_tim.o
    0x080026ba   0x00000166   Code   RO         3377    i.HAL_TIM_IRQHandler  stm32f4xx_hal_tim.o
    0x08002820   0x00000054   Code   RO          943    i.HAL_TIM_MspPostInit  tim.o
    0x08002874   0x00000002   Code   RO         3380    i.HAL_TIM_OC_DelayElapsedCallback  stm32f4xx_hal_tim.o
    0x08002876   0x000000cc   Code   RO         3401    i.HAL_TIM_PWM_ConfigChannel  stm32f4xx_hal_tim.o
    0x08002942   0x0000005a   Code   RO         3404    i.HAL_TIM_PWM_Init  stm32f4xx_hal_tim.o
    0x0800299c   0x00000002   Code   RO         3406    i.HAL_TIM_PWM_MspInit  stm32f4xx_hal_tim.o
    0x0800299e   0x00000002   Code   RO         3407    i.HAL_TIM_PWM_PulseFinishedCallback  stm32f4xx_hal_tim.o
    0x080029a0   0x000000c8   Code   RO         3409    i.HAL_TIM_PWM_Start  stm32f4xx_hal_tim.o
    0x08002a68   0x000003e4   Code   RO          659    i.HAL_TIM_PeriodElapsedCallback  main.o
    0x08002e4c   0x00000002   Code   RO         3420    i.HAL_TIM_TriggerCallback  stm32f4xx_hal_tim.o
    0x08002e4e   0x00000002   Code   RO         4311    i.HAL_UARTEx_RxEventCallback  stm32f4xx_hal_uart.o
    0x08002e50   0x00000002   Code   RO         4325    i.HAL_UART_ErrorCallback  stm32f4xx_hal_uart.o
    0x08002e52   0x00000002   PAD
    0x08002e54   0x00000268   Code   RO         4328    i.HAL_UART_IRQHandler  stm32f4xx_hal_uart.o
    0x080030bc   0x00000062   Code   RO         4329    i.HAL_UART_Init     stm32f4xx_hal_uart.o
    0x0800311e   0x00000002   PAD
    0x08003120   0x000000e8   Code   RO         1014    i.HAL_UART_MspInit  usart.o
    0x08003208   0x00000002   Code   RO         4335    i.HAL_UART_RxCpltCallback  stm32f4xx_hal_uart.o
    0x0800320a   0x00000002   Code   RO         4340    i.HAL_UART_TxCpltCallback  stm32f4xx_hal_uart.o
    0x0800320c   0x00000002   Code   RO         1060    i.HardFault_Handler  stm32f4xx_it.o
    0x0800320e   0x0000002e   Code   RO         2930    i.I2C_IsAcknowledgeFailed  stm32f4xx_hal_i2c.o
    0x0800323c   0x000000a8   Code   RO         2941    i.I2C_RequestMemoryWrite  stm32f4xx_hal_i2c.o
    0x080032e4   0x0000004c   Code   RO         2945    i.I2C_WaitOnBTFFlagUntilTimeout  stm32f4xx_hal_i2c.o
    0x08003330   0x00000068   Code   RO         2946    i.I2C_WaitOnFlagUntilTimeout  stm32f4xx_hal_i2c.o
    0x08003398   0x00000096   Code   RO         2947    i.I2C_WaitOnMasterAddressFlagUntilTimeout  stm32f4xx_hal_i2c.o
    0x0800342e   0x0000004c   Code   RO         2949    i.I2C_WaitOnTXEFlagUntilTimeout  stm32f4xx_hal_i2c.o
    0x0800347a   0x00000002   PAD
    0x0800347c   0x0000009c   Code   RO          482    i.KEY_Scan          key.o
    0x08003518   0x000000d0   Code   RO          483    i.KEY_Scan1         key.o
    0x080035e8   0x000000b4   Code   RO          793    i.MX_ADC1_Init      adc.o
    0x0800369c   0x0000003c   Code   RO          835    i.MX_DAC_Init       dac.o
    0x080036d8   0x0000004c   Code   RO          875    i.MX_DMA_Init       dma.o
    0x08003724   0x000000b8   Code   RO          767    i.MX_GPIO_Init      gpio.o
    0x080037dc   0x00000040   Code   RO          901    i.MX_I2C1_Init      i2c.o
    0x0800381c   0x000000f0   Code   RO          944    i.MX_TIM1_Init      tim.o
    0x0800390c   0x00000064   Code   RO          945    i.MX_TIM2_Init      tim.o
    0x08003970   0x00000068   Code   RO          946    i.MX_TIM3_Init      tim.o
    0x080039d8   0x00000068   Code   RO          947    i.MX_TIM4_Init      tim.o
    0x08003a40   0x00000044   Code   RO          948    i.MX_TIM6_Init      tim.o
    0x08003a84   0x00000038   Code   RO         1015    i.MX_USART1_UART_Init  usart.o
    0x08003abc   0x00000002   Code   RO         1061    i.MemManage_Handler  stm32f4xx_it.o
    0x08003abe   0x00000002   Code   RO         1062    i.NMI_Handler       stm32f4xx_it.o
    0x08003ac0   0x0000007c   Code   RO          527    i.OLEDShowData      oled.o
    0x08003b3c   0x00000012   Code   RO          528    i.OLED_CLS          oled.o
    0x08003b4e   0x00000002   PAD
    0x08003b50   0x00000038   Code   RO          530    i.OLED_Fill         oled.o
    0x08003b88   0x000000ba   Code   RO          531    i.OLED_Init         oled.o
    0x08003c42   0x00000018   Code   RO          533    i.OLED_ON           oled.o
    0x08003c5a   0x00000026   Code   RO          535    i.OLED_SetPos       oled.o
    0x08003c80   0x000000d8   Code   RO          540    i.OLED_ShowStr      oled.o
    0x08003d58   0x00000034   Code   RO          285    i.PID_init          spwm_pid.o
    0x08003d8c   0x00000072   Code   RO         4732    i.PIDcon            sogi_pll.o
    0x08003dfe   0x00000002   PAD
    0x08003e00   0x0000007c   Code   RO         4695    i.PLL_Init          pll.o
    0x08003e7c   0x00000002   Code   RO         1063    i.PendSV_Handler    stm32f4xx_it.o
    0x08003e7e   0x00000002   PAD
    0x08003e80   0x000000cc   Code   RO         4734    i.SOGI_FIL          sogi_pll.o
    0x08003f4c   0x00000002   Code   RO         1064    i.SVC_Handler       stm32f4xx_it.o
    0x08003f4e   0x00000002   PAD
    0x08003f50   0x000000ec   Code   RO          171    i.Sin_Start         svpwm.o
    0x0800403c   0x00000128   Code   RO         4735    i.Sogi_pll          sogi_pll.o
    0x08004164   0x0000005e   Code   RO          286    i.Spwm_pid          spwm_pid.o
    0x080041c2   0x00000004   Code   RO         1065    i.SysTick_Handler   stm32f4xx_it.o
    0x080041c6   0x00000002   PAD
    0x080041c8   0x00000094   Code   RO          660    i.SystemClock_Config  main.o
    0x0800425c   0x00000010   Code   RO         4658    i.SystemInit        system_stm32f4xx.o
    0x0800426c   0x0000000c   Code   RO         1066    i.TIM1_BRK_TIM9_IRQHandler  stm32f4xx_it.o
    0x08004278   0x0000000c   Code   RO         1067    i.TIM1_CC_IRQHandler  stm32f4xx_it.o
    0x08004284   0x0000000c   Code   RO         1068    i.TIM1_TRG_COM_TIM11_IRQHandler  stm32f4xx_it.o
    0x08004290   0x0000000c   Code   RO         1069    i.TIM1_UP_TIM10_IRQHandler  stm32f4xx_it.o
    0x0800429c   0x0000000c   Code   RO         1070    i.TIM2_IRQHandler   stm32f4xx_it.o
    0x080042a8   0x0000000c   Code   RO         1071    i.TIM3_IRQHandler   stm32f4xx_it.o
    0x080042b4   0x0000000c   Code   RO         1072    i.TIM4_IRQHandler   stm32f4xx_it.o
    0x080042c0   0x0000001c   Code   RO         1073    i.TIM6_DAC_IRQHandler  stm32f4xx_it.o
    0x080042dc   0x000000c8   Code   RO         3422    i.TIM_Base_SetConfig  stm32f4xx_hal_tim.o
    0x080043a4   0x0000001a   Code   RO         3423    i.TIM_CCxChannelCmd  stm32f4xx_hal_tim.o
    0x080043be   0x00000014   Code   RO         3433    i.TIM_ETR_SetConfig  stm32f4xx_hal_tim.o
    0x080043d2   0x00000010   Code   RO         3434    i.TIM_ITRx_SetConfig  stm32f4xx_hal_tim.o
    0x080043e2   0x00000002   PAD
    0x080043e4   0x00000060   Code   RO         3435    i.TIM_OC1_SetConfig  stm32f4xx_hal_tim.o
    0x08004444   0x0000006c   Code   RO         3436    i.TIM_OC2_SetConfig  stm32f4xx_hal_tim.o
    0x080044b0   0x00000068   Code   RO         3437    i.TIM_OC3_SetConfig  stm32f4xx_hal_tim.o
    0x08004518   0x00000050   Code   RO         3438    i.TIM_OC4_SetConfig  stm32f4xx_hal_tim.o
    0x08004568   0x00000022   Code   RO         3440    i.TIM_TI1_ConfigInputStage  stm32f4xx_hal_tim.o
    0x0800458a   0x00000024   Code   RO         3442    i.TIM_TI2_ConfigInputStage  stm32f4xx_hal_tim.o
    0x080045ae   0x00000010   Code   RO         4342    i.UART_DMAAbortOnError  stm32f4xx_hal_uart.o
    0x080045be   0x0000004e   Code   RO         4352    i.UART_EndRxTransfer  stm32f4xx_hal_uart.o
    0x0800460c   0x000000c0   Code   RO         4354    i.UART_Receive_IT   stm32f4xx_hal_uart.o
    0x080046cc   0x0000010c   Code   RO         4355    i.UART_SetConfig    stm32f4xx_hal_uart.o
    0x080047d8   0x0000000c   Code   RO         1074    i.USART1_IRQHandler  stm32f4xx_it.o
    0x080047e4   0x00000002   Code   RO         1075    i.UsageFault_Handler  stm32f4xx_it.o
    0x080047e6   0x00000002   PAD
    0x080047e8   0x00000024   Code   RO          541    i.WriteCmd          oled.o
    0x0800480c   0x00000024   Code   RO          542    i.WriteDat          oled.o
    0x08004830   0x00000020   Code   RO         2262    i.__NVIC_SetPriority  stm32f4xx_hal_cortex.o
    0x08004850   0x0000007a   Code   RO         5007    i.__hardfp_sqrt     m_wm.l(sqrt_full.o)
    0x080048ca   0x0000000e   Code   RO         5121    i.__scatterload_copy  mc_w.l(handlers.o)
    0x080048d8   0x00000002   Code   RO         5122    i.__scatterload_null  mc_w.l(handlers.o)
    0x080048da   0x0000000e   Code   RO         5123    i.__scatterload_zeroinit  mc_w.l(handlers.o)
    0x080048e8   0x0000000c   Code   RO         5101    i.__set_errno       mc_w.l(errno.o)
    0x080048f4   0x00000064   Code   RO         4736    i.integ             sogi_pll.o
    0x08004958   0x00000308   Code   RO          661    i.main              main.o
    0x08004c60   0x00000818   Data   RO          544    .constdata          oled.o
    0x08005478   0x00000008   Data   RO         1979    .constdata          stm32f4xx_hal_dma.o
    0x08005480   0x00000010   Data   RO         4659    .constdata          system_stm32f4xx.o
    0x08005490   0x00000008   Data   RO         4660    .constdata          system_stm32f4xx.o
    0x08005498   0x00000804   Data   RO         4946    .constdata          arm_cortexM4lf_math.lib(arm_common_tables.o)
    0x08005c9c   0x00000020   Data   RO         5119    Region$$Table       anon$$obj.o


    Execution Region RW_IRAM1 (Base: 0x20000000, Size: 0x000013f8, Max: 0x0001c000, ABSOLUTE, COMPRESSED[0x00000090])

    Base Addr    Size         Type   Attr      Idx    E Section Name        Object

    0x20000000   0x00000018   Data   RW          173    .data               svpwm.o
    0x20000018   0x00000044   Data   RW          235    .data               ave_sam.o
    0x2000005c   0x00000010   Data   RW          439    .data               smping.o
    0x2000006c   0x0000000c   Data   RW          484    .data               key.o
    0x20000078   0x00000050   Data   RW          664    .data               main.o
    0x200000c8   0x00000004   Data   RW          670    .data               main.o
    0x200000cc   0x00000004   Data   RW          671    .data               main.o
    0x200000d0   0x0000000c   Data   RW         2406    .data               stm32f4xx_hal.o
    0x200000dc   0x00000004   Data   RW         4661    .data               system_stm32f4xx.o
    0x200000e0   0x000000d0   Data   RW         4739    .data               sogi_pll.o
    0x200001b0   0x00000004   Data   RW         5102    .data               mc_w.l(errno.o)
    0x200001b4   0x00000960   Zero   RW          233    .bss                ave_sam.o
    0x20000b14   0x0000000a   Zero   RW          438    .bss                smping.o
    0x20000b1e   0x00000002   PAD
    0x20000b20   0x000000f0   Zero   RW          662    .bss                main.o
    0x20000c10   0x000000a8   Zero   RW          794    .bss                adc.o
    0x20000cb8   0x00000014   Zero   RW          836    .bss                dac.o
    0x20000ccc   0x00000054   Zero   RW          902    .bss                i2c.o
    0x20000d20   0x00000168   Zero   RW          949    .bss                tim.o
    0x20000e88   0x00000104   Zero   RW         1016    .bss                usart.o
    0x20000f8c   0x00000028   Zero   RW         4697    .bss                pll.o
    0x20000fb4   0x00000044   Zero   RW         4738    .bss                sogi_pll.o
    0x20000ff8   0x00000400   Zero   RW            1    STACK               startup_stm32f407xx.o


    Execution Region RW_IRAM2 (Base: 0x2001c000, Size: 0x00000000, Max: 0x00004000, ABSOLUTE)

    **** No section assigned to this execution region ****


==============================================================================

Image component sizes


      Code (inc. data)   RO Data    RW Data    ZI Data      Debug   Object Name

       336         34          0          0        168       1855   adc.o
       492         42          0         68       2400       3246   ave_sam.o
         0          0          0          0          0     715736   cleck.o
       172         22          0          0         20       1675   dac.o
        76          4          0          0          0        790   dma.o
       184         18          0          0          0       1007   gpio.o
       168         26          0          0         84       1673   i2c.o
       418         22          0         12          0       2942   key.o
      1924        260          0         88        240      10706   main.o
       734         72       2072          0          0       6182   oled.o
       124         28          0          0         40       1529   pll.o
       188         30          0         16         10      15737   smping.o
       796         42          0        208         68       6971   sogi_pll.o
       146         14          0          0          0       1690   spwm_pid.o
        36          8        392          0       1024        836   startup_stm32f407xx.o
       180         28          0         12          0       9401   stm32f4xx_hal.o
      1200         66          0          0          0       7433   stm32f4xx_hal_adc.o
       198         14          0          0          0      33935   stm32f4xx_hal_cortex.o
       308          0          0          0          0       3957   stm32f4xx_hal_dac.o
         2          0          0          0          0        947   stm32f4xx_hal_dac_ex.o
      1084         16          8          0          0       7338   stm32f4xx_hal_dma.o
       516         46          0          0          0       2851   stm32f4xx_hal_gpio.o
      1316         32          0          0          0       9423   stm32f4xx_hal_i2c.o
        48          6          0          0          0        854   stm32f4xx_hal_msp.o
      1344         72          0          0          0       5232   stm32f4xx_hal_rcc.o
      2020        136          0          0          0      16882   stm32f4xx_hal_tim.o
       232         28          0          0          0       3269   stm32f4xx_hal_tim_ex.o
      1276         16          0          0          0       8320   stm32f4xx_hal_uart.o
       180         76          0          0          0       9875   stm32f4xx_it.o
       236         40          0         24          0       2022   svpwm.o
        16          4         24          4          0       1127   system_stm32f4xx.o
       968         76          0          0        360       5272   tim.o
       288         30          0          0        260       1896   usart.o

    ----------------------------------------------------------------------
     17238       1308       2528        432       4676     902609   Object Totals
         0          0         32          0          0          0   (incl. Generated)
        32          0          0          0          2          0   (incl. Padding)

    ----------------------------------------------------------------------

      Code (inc. data)   RO Data    RW Data    ZI Data      Debug   Library Member Name

         0          0       2052          0          0       4704   arm_common_tables.o
       120         12          0          0          0      17170   arm_cos_f32.o
       148         18          0          0          0        814   arm_sin_f32.o
       122          0          0          0          0        148   sqrt_full.o
        86          0          0          0          0          0   __dczerorl2.o
         0          0          0          0          0          0   entry.o
         0          0          0          0          0          0   entry10a.o
         0          0          0          0          0          0   entry11a.o
         8          4          0          0          0          0   entry2.o
         4          0          0          0          0          0   entry5.o
         0          0          0          0          0          0   entry7b.o
         0          0          0          0          0          0   entry8b.o
         8          4          0          0          0          0   entry9a.o
        12          6          0          4          0         68   errno.o
        30          0          0          0          0          0   handlers.o
        36          8          0          0          0         68   init.o
         0          0          0          0          0          0   iusefp.o
        30          0          0          0          0         68   llshl.o
        36          0          0          0          0         68   llsshr.o
        32          0          0          0          0         68   llushr.o
        36          0          0          0          0        108   memseta.o
        98          0          0          0          0         92   uldiv.o
        56          0          0          0          0         88   d2f.o
       334          0          0          0          0        148   dadd.o
       186          0          0          0          0        176   depilogue.o
       228          0          0          0          0         96   dmul.o
       162          0          0          0          0        100   dsqrt.o
        38          0          0          0          0         68   f2d.o
       110          0          0          0          0        168   fepilogue.o

    ----------------------------------------------------------------------
      1922         52       2052          4          0      24220   Library Totals
         2          0          0          0          0          0   (incl. Padding)

    ----------------------------------------------------------------------

      Code (inc. data)   RO Data    RW Data    ZI Data      Debug   Library Name

       268         30       2052          0          0      22688   arm_cortexM4lf_math.lib
       122          0          0          0          0        148   m_wm.l
       416         22          0          4          0        540   mc_w.l
      1114          0          0          0          0        844   mf_w.l

    ----------------------------------------------------------------------
      1922         52       2052          4          0      24220   Library Totals

    ----------------------------------------------------------------------

==============================================================================


      Code (inc. data)   RO Data    RW Data    ZI Data      Debug   

     19160       1360       4580        436       4676     911841   Grand Totals
     19160       1360       4580        144       4676     911841   ELF Image Totals (compressed)
     19160       1360       4580        144          0          0   ROM Totals

==============================================================================

    Total RO  Size (Code + RO Data)                23740 (  23.18kB)
    Total RW  Size (RW Data + ZI Data)              5112 (   4.99kB)
    Total ROM Size (Code + RO Data + RW Data)      23884 (  23.32kB)

==============================================================================

